
SYMBOLS BY NAME

      80            CTL_IRQ_STACK_SIZE  
    3e68 UDATA0     _ARC_bus_helper_task
    4088 UDATA0     _ARC_bus_task       
   11d9e CODE       _ARC_setup          
    cf03 CONST      _ARClib_version     
   14b8e CODE       _ARClib_version_Cmd 
    cf16 CONST      _ARClib_vstruct     
   14ad8 CODE       _ARCsearch_Cmd      
   11652 CODE       _BUS_I2C_release    
    3e84 UDATA0     _BUS_INT_events     
   115f0 CODE       _BUS_OA_check       
   11986 CODE       _BUS_SPI_txrx       
   11580 CODE       _BUS_addr_to_flags  
   12c5a CODE       _BUS_alarm_ticker_update
   115d6 CODE       _BUS_cmd_init       
   138cc CODE       _BUS_cmd_resptostr  
   116ee CODE       _BUS_cmd_tx         
   13720 CODE       _BUS_cmdtostr       
   13650 CODE       _BUS_error_str      
   1150a CODE       _BUS_flags_to_addr  
   12bee CODE       _BUS_free_alarm     
   12a9c CODE       _BUS_free_buffer    
   1148e CODE       _BUS_get_OA         
   12a74 CODE       _BUS_get_buffer     
   12a6e CODE       _BUS_get_buffer_size
    3e86 UDATA0     _BUS_helper_events  
   12a64 CODE       _BUS_init_buffer    
    3e88 UDATA0     _BUS_stack          
    5094 THREAD     _BUS_thread_addr_flags
   12c06 CODE       _BUS_timer_timeout_check
    4328 UDATA0     _DMA_events         
    c530 ISR        _DMA_int            
   13ef8 CODE       _ERR_lev_str        
   14632 CODE       _I2C_addr_lookup    
   1467a CODE       _I2C_addr_revlookup 
    c7a6 ISR        _I2C_dat            
    40e8 UDATA0     _I2C_rx_buf         
    40e6 UDATA0     _I2C_rx_in          
    40e4 UDATA0     _I2C_rx_out         
    5082 UDATA0     _I2C_stat           
   12f16 CODE       _PMM_setVCore       
   12e5c CODE       _PMM_setVCoreDown   
   12d62 CODE       _PMM_setVCoreUp     
   151ba CODE       _SD_error_str       
   11cd2 CODE       _SPI_deactivate     
   11c9e CODE       _SPI_master_setup   
   11cb8 CODE       _SPI_slave_setup    
    40c0 UDATA0     _SUB_events         
    c5f6 ISR        _SYS_NMI            
    3bc2 UDATA0     _SYS_evt            
    c010 ISR        _Timer_A0_ISR       
   154e0 CODE       _UCA2_Getc          
    c744 ISR        _UCA2_ISR           
    4f38 UDATA0     _UCA2_RxBuf         
    4fdc UDATA0     _UCA2_TxBuf         
   154a4 CODE       _UCA2_TxChar        
   153c8 CODE       _UCA2_init_UART     
    f046 CONST      ___RAL_ascii_ctype_map
   15d84 CODE       ___RAL_ascii_mbtowc 
   15dca CODE       ___RAL_ascii_wctomb 
    f220 CONST      ___RAL_c_locale     
    f11e CONST      ___RAL_c_locale_abbrev_day_names
    f192 CONST      ___RAL_c_locale_abbrev_month_names
    f1c3 CONST      ___RAL_c_locale_am_pm_indicator
    f1ee CONST      ___RAL_c_locale_data
    f1ca CONST      ___RAL_c_locale_date_format
    f1dc CONST      ___RAL_c_locale_date_time_format
    f0e4 CONST      ___RAL_c_locale_day_names
    f13b CONST      ___RAL_c_locale_month_names
    f1d3 CONST      ___RAL_c_locale_time_format
    f0d4 CONST      ___RAL_codeset_ascii
    f1ed CONST      ___RAL_data_empty_string
    f1eb CONST      ___RAL_data_utf8_period
    1c24 IDATA0     ___RAL_global_locale
   159de CODE       ___RAL_global_locale_category
    f01e CONST      ___RAL_hex_lc       
    f00e CONST      ___RAL_hex_uc       
   15d76 CODE       ___RAL_init_mbstate 
   15942 CODE       ___RAL_isctype      
   156dc CODE       ___RAL_pow10        
   158b8 CODE       ___RAL_pre_padding  
   1589a CODE       ___RAL_print_padding
   113e0 CODE       ___RAL_read_tp      
    1c00            ___RAM_Address      
    8000            ___RAM_Size         
    1c00            ___begin_IDATA0     
    5094            ___begin_THREAD     
    1c2e            ___begin_UDATA0     
     4c0            ___crt_mpy          
     4d2            ___crt_mpy32h       
     4d0            ___crt_mpy32l       
     4c8            ___crt_op2          
     4e2            ___crt_op2h         
     4e0            ___crt_op2l         
     4e4            ___crt_res0         
     4e6            ___crt_res1         
     4e8            ___crt_res2         
     4ea            ___crt_res3         
     4ca            ___crt_reslo        
   15696 CODE       ___digit            
    1c2e            ___end_IDATA0       
    5098            ___end_THREAD       
    5094            ___end_UDATA0       
   159b6 CODE       ___errno            
   1603a CODE       ___float32_add      
   16210 CODE       ___float32_div      
   162ea CODE       ___float32_eq       
   15e22 CODE       ___float32_isinf    
   15e3c CODE       ___float32_isnan    
   162ce CODE       ___float32_lt       
   16138 CODE       ___float32_mul      
    f228 CONST      ___float32_nan      
   15e54 CODE       ___float32_signbit  
   1612c CODE       ___float32_sub      
   15f88 CODE       ___float32_to_int64 
    f23c CODE       ___getchar          
   1551e CODE       ___int16_div        
   15544 CODE       ___int16_mod        
   1556a CODE       ___int16_mul        
   154fc CODE       ___int32_mul        
   15580 CODE       ___int64_lsl        
   15592 CODE       ___int64_lsr        
   10af2 CODE       ___printf_lock      
   10b0e CODE       ___printf_unlock    
   15850 CODE       ___putc             
    f22c CODE       ___putchar          
   15732 CODE       ___strtoul          
    c720 ISR        ___thunk_ARClib_version_Cmd
    c71c ISR        ___thunk_ARCsearch_Cmd
    c898 ISR        ___thunk___RAL_ascii_mbtowc
    c89c ISR        ___thunk___RAL_ascii_wctomb
    c000 ISR        ___thunk___putchar  
    c73c ISR        ___thunk_clearErrCmd
    c724 ISR        ___thunk_errReq_Cmd 
    c700 ISR        ___thunk_err_decode_arcbus
    c704 ISR        ___thunk_helpCmd    
    c740 ISR        ___thunk_logCmd     
    c004 ISR        ___thunk_motor_cmd  
    c728 ISR        ___thunk_priorityCmd
    c738 ISR        ___thunk_replayCmd  
    c70c ISR        ___thunk_restCmd    
    c718 ISR        ___thunk_spiCmd     
    c734 ISR        ___thunk_stackCmd   
    c730 ISR        ___thunk_statsCmd   
    c008 ISR        ___thunk_sub_events 
    c00c ISR        ___thunk_sys_events 
    c708 ISR        ___thunk_terminal   
    c710 ISR        ___thunk_timeCmd    
    c72c ISR        ___thunk_timesliceCmd
    c714 ISR        ___thunk_txCmd      
   15612 CODE       ___uint16_div       
   1562a CODE       ___uint16_mod       
   15632 CODE       ___uint64_div       
   1565a CODE       ___uint64_divmod    
   155f2 CODE       ___uint64_mod       
   15e64 CODE       ___uint64_to_float32
    1c22 IDATA0     ___ungot            
    5092 UDATA0     ___user_format_extender
    f4a2 CODE       ___vfprintf         
    f4a2 CODE       ___vfprintf_float_long_long
   13e0a CODE       __record_error      
   158e2 CODE       _abs                
   11626 CODE       _addr_chk           
    497c UDATA0     _alarms             
    40c2 UDATA0     _arcBus_stat        
   12bd2 CODE       _async_CheckKey     
    1c16 IDATA0     _async_addr         
   12b3e CODE       _async_close_remote 
   12aa6 CODE       _async_isOpen       
   12aac CODE       _async_open_remote  
    4960 UDATA0     _async_rxQ          
   12b6c CODE       _async_send_data    
    1c18 IDATA0     _async_timer        
    496e UDATA0     _async_txQ          
   158f2 CODE       _atoi               
   15918 CODE       _atol               
    472e UDATA0     _buffer_mutex       
    e304 CONST      _busAddrSym         
    c032 ISR        _bus_I2C_isr        
    c46e ISR        _bus_SPI_isr        
   13952 CODE       _bus_flags_tostr    
    c47a ISR        _bus_int            
    c5b0 ISR        _bus_resend         
   13972 CODE       _bus_version_err_tostr
   15110 CODE       _clearErrCmd        
   1404c CODE       _clear_saved_errors 
    1c1a IDATA0     _closed_event       
    1c1c IDATA0     _closed_flag        
    1c12 IDATA0     _cmd_parse_list     
    c8e0 CONST      _cmd_tbl            
   11c2a CODE       _crc16              
   11bf8 CODE       _crc7               
    3c56 UDATA0     _crc_mutex          
   10f0c CODE       _ctl_byte_queue_init
   112da CODE       _ctl_byte_queue_post
   11054 CODE       _ctl_byte_queue_post_multi
   111fa CODE       _ctl_byte_queue_post_multi_nb
   1132e CODE       _ctl_byte_queue_post_nb
   11308 CODE       _ctl_byte_queue_receive
   1112c CODE       _ctl_byte_queue_receive_multi
   1126a CODE       _ctl_byte_queue_receive_multi_nb
   11348 CODE       _ctl_byte_queue_receive_nb
    3bca UDATA0     _ctl_current_time   
   1140a CODE       _ctl_enter_isr      
   10b22 CODE       _ctl_events_init    
   10cb6 CODE       _ctl_events_set_clear
   10b36 CODE       _ctl_events_wait    
   1143e CODE       _ctl_exit_isr       
   10ada CODE       _ctl_get_current_time
   11476 CODE       _ctl_global_interrupts_set
   12f56 CODE       _ctl_handle_error   
   10a60 CODE       _ctl_increment_tick_from_isr
    3bcf UDATA0     _ctl_interrupt_count
    3bc6 UDATA0     _ctl_last_schedule_time
    1c06 IDATA0     _ctl_libc_mutex     
   10d16 CODE       _ctl_mutex_init     
   10d42 CODE       _ctl_mutex_lock     
   10d2e CODE       _ctl_mutex_lock_uc  
   10e46 CODE       _ctl_mutex_unlock   
   10790 CODE       _ctl_private_add_to_task_list
   10c32 CODE       _ctl_private_events_schedule
   1135c CODE       _ctl_private_get_stack_start
   11362 CODE       _ctl_private_get_thread_local_storage
   11368 CODE       _ctl_private_init_registers
   113ca CODE       _ctl_private_init_thread_local_storage
   107de CODE       _ctl_private_remove_from_task_list
   10818 CODE       _ctl_private_reschedule
   113ee CODE       _ctl_private_reschedule_from_api_call
    3bce UDATA0     _ctl_reschedule_on_last_isr_exit
   109b8 CODE       _ctl_task_die       
    3bd0 UDATA0     _ctl_task_executing 
   108f0 CODE       _ctl_task_init      
    3bd2 UDATA0     _ctl_task_list      
   1092c CODE       _ctl_task_run       
   109e0 CODE       _ctl_task_set_priority
    3bc4 UDATA0     _ctl_task_switch_callout
    1c04 IDATA0     _ctl_time_increment 
   10a1e CODE       _ctl_timeout_wait   
    1c00 IDATA0     _ctl_timeslice_period
   142de CODE       _doCmd              
   14ba0 CODE       _errReq_Cmd         
   12f68 CODE       _err_decode_arcbus  
   13f36 CODE       _err_do_decode      
   13c82 CODE       _err_register_handler
   13d3a CODE       _error_init         
   1407e CODE       _error_log_mem_replay
   14100 CODE       _error_log_replay   
   13d5c CODE       _error_recording_start
   165d2 CODE       _fabsf              
   16390 CODE       _floor              
   16390 CODE       _floorf             
   16460 CODE       _fmod               
   16460 CODE       _fmodf              
   16614 CODE       _frexp              
   146b2 CODE       _getI2C_addr        
   13e04 CODE       _get_error_level    
   11c5e CODE       _get_ticker_time    
   159c0 CODE       _getchar            
   1422c CODE       _helpCmd            
    3c74 UDATA0     _helper_stack       
   1436e CODE       _hist_decr          
   14362 CODE       _hist_incr          
    40a4 UDATA0     _idle_task          
   11e32 CODE       _initARCbus         
   11ce2 CODE       _initCLK            
   11d48 CODE       _initSVS            
   11d2c CODE       _init_timerA        
   159a4 CODE       _iscntrl            
   15984 CODE       _isdigit            
   15972 CODE       _islower            
   15994 CODE       _isspace            
   15960 CODE       _isupper            
   165d8 CODE       _ldexp              
   15134 CODE       _logCmd             
    f242 CODE       _main               
   12a1a CODE       _mainLoop           
   13a26 CODE       _main_return        
   141c2 CODE       _make_args          
   15df2 CODE       _memcpy             
   15e02 CODE       _memset             
    c79a ISR        _mmc_ISR            
   162fa CODE       _modff              
    f336 CODE       _motor_cmd          
    f49a CODE       _motor_setup        
    499c UDATA0     _next_idx           
   14faa CODE       _parse_log_level    
    1c10 IDATA0     _powerState         
   13fbe CODE       _print_error        
   15aae CODE       _printf             
   14d60 CODE       _priorityCmd        
   15aea CODE       _puts               
   11f30 CODE       _readTA1            
   13eb4 CODE       _record_error       
   15084 CODE       _replayCmd          
   1400c CODE       _report_error       
   139f4 CODE       _reset_bor          
   1477c CODE       _restCmd            
    4734 UDATA0     _rxbuf              
    498c UDATA0     _saved_error        
   13df8 CODE       _set_error_level    
   11c76 CODE       _setget_ticker_time 
   149c6 CODE       _spiCmd             
   15b24 CODE       _sprintf            
   14f60 CODE       _stackCmd           
   11d40 CODE       _start_timerA       
   13a3a CODE       _startup_error_check
   14e7c CODE       _stateName          
   14efe CODE       _statsCmd           
   15b54 CODE       _strcmp             
   15b74 CODE       _strcpy             
   15bb8 CODE       _strlcpy            
   15e12 CODE       _strlen             
   15b8a CODE       _strncmp            
   15bfc CODE       _strnlen            
   15c16 CODE       _strtol             
   15cc2 CODE       _strtoul            
    f3a4 CODE       _sub_events         
    1c2e UDATA0     _sub_stack          
    3b8a UDATA0     _sub_task           
    f434 CODE       _sys_events         
    23fe UDATA0     _sys_stack          
    3b6e UDATA0     _sys_task           
    c576 ISR        _task_tick          
   1437a CODE       _terminal           
    2bce UDATA0     _terminal_stack     
    3ba6 UDATA0     _terminal_task      
    3c5c UDATA0     _ticker_time        
   14832 CODE       _timeCmd            
    f48c CODE       _timer_A0_setup     
   14e14 CODE       _timesliceCmd       
   14848 CODE       _txCmd              
    4860 UDATA0     _txbuf              
    cf54 CONST      thread_init_begin   
    cf58 CONST      thread_init_end     


SYMBOLS BY VALUE

      80            CTL_IRQ_STACK_SIZE  
     4c0            ___crt_mpy          
     4c8            ___crt_op2          
     4ca            ___crt_reslo        
     4d0            ___crt_mpy32l       
     4d2            ___crt_mpy32h       
     4e0            ___crt_op2l         
     4e2            ___crt_op2h         
     4e4            ___crt_res0         
     4e6            ___crt_res1         
     4e8            ___crt_res2         
     4ea            ___crt_res3         
    1c00            ___RAM_Address      
    1c00            ___begin_IDATA0     
    1c00 IDATA0     _ctl_timeslice_period
    1c04 IDATA0     _ctl_time_increment 
    1c06 IDATA0     _ctl_libc_mutex     
    1c10 IDATA0     _powerState         
    1c12 IDATA0     _cmd_parse_list     
    1c16 IDATA0     _async_addr         
    1c18 IDATA0     _async_timer        
    1c1a IDATA0     _closed_event       
    1c1c IDATA0     _closed_flag        
    1c22 IDATA0     ___ungot            
    1c24 IDATA0     ___RAL_global_locale
    1c2e            ___begin_UDATA0     
    1c2e UDATA0     _sub_stack          
    1c2e            ___end_IDATA0       
    23fe UDATA0     _sys_stack          
    2bce UDATA0     _terminal_stack     
    3b6e UDATA0     _sys_task           
    3b8a UDATA0     _sub_task           
    3ba6 UDATA0     _terminal_task      
    3bc2 UDATA0     _SYS_evt            
    3bc4 UDATA0     _ctl_task_switch_callout
    3bc6 UDATA0     _ctl_last_schedule_time
    3bca UDATA0     _ctl_current_time   
    3bce UDATA0     _ctl_reschedule_on_last_isr_exit
    3bcf UDATA0     _ctl_interrupt_count
    3bd0 UDATA0     _ctl_task_executing 
    3bd2 UDATA0     _ctl_task_list      
    3c56 UDATA0     _crc_mutex          
    3c5c UDATA0     _ticker_time        
    3c74 UDATA0     _helper_stack       
    3e68 UDATA0     _ARC_bus_helper_task
    3e84 UDATA0     _BUS_INT_events     
    3e86 UDATA0     _BUS_helper_events  
    3e88 UDATA0     _BUS_stack          
    4088 UDATA0     _ARC_bus_task       
    40a4 UDATA0     _idle_task          
    40c0 UDATA0     _SUB_events         
    40c2 UDATA0     _arcBus_stat        
    40e4 UDATA0     _I2C_rx_out         
    40e6 UDATA0     _I2C_rx_in          
    40e8 UDATA0     _I2C_rx_buf         
    4328 UDATA0     _DMA_events         
    472e UDATA0     _buffer_mutex       
    4734 UDATA0     _rxbuf              
    4860 UDATA0     _txbuf              
    4960 UDATA0     _async_rxQ          
    496e UDATA0     _async_txQ          
    497c UDATA0     _alarms             
    498c UDATA0     _saved_error        
    499c UDATA0     _next_idx           
    4f38 UDATA0     _UCA2_RxBuf         
    4fdc UDATA0     _UCA2_TxBuf         
    5082 UDATA0     _I2C_stat           
    5092 UDATA0     ___user_format_extender
    5094 THREAD     _BUS_thread_addr_flags
    5094            ___end_UDATA0       
    5094            ___begin_THREAD     
    5098            ___end_THREAD       
    8000            ___RAM_Size         
    c000 ISR        ___thunk___putchar  
    c004 ISR        ___thunk_motor_cmd  
    c008 ISR        ___thunk_sub_events 
    c00c ISR        ___thunk_sys_events 
    c010 ISR        _Timer_A0_ISR       
    c032 ISR        _bus_I2C_isr        
    c46e ISR        _bus_SPI_isr        
    c47a ISR        _bus_int            
    c530 ISR        _DMA_int            
    c576 ISR        _task_tick          
    c5b0 ISR        _bus_resend         
    c5f6 ISR        _SYS_NMI            
    c700 ISR        ___thunk_err_decode_arcbus
    c704 ISR        ___thunk_helpCmd    
    c708 ISR        ___thunk_terminal   
    c70c ISR        ___thunk_restCmd    
    c710 ISR        ___thunk_timeCmd    
    c714 ISR        ___thunk_txCmd      
    c718 ISR        ___thunk_spiCmd     
    c71c ISR        ___thunk_ARCsearch_Cmd
    c720 ISR        ___thunk_ARClib_version_Cmd
    c724 ISR        ___thunk_errReq_Cmd 
    c728 ISR        ___thunk_priorityCmd
    c72c ISR        ___thunk_timesliceCmd
    c730 ISR        ___thunk_statsCmd   
    c734 ISR        ___thunk_stackCmd   
    c738 ISR        ___thunk_replayCmd  
    c73c ISR        ___thunk_clearErrCmd
    c740 ISR        ___thunk_logCmd     
    c744 ISR        _UCA2_ISR           
    c79a ISR        _mmc_ISR            
    c7a6 ISR        _I2C_dat            
    c898 ISR        ___thunk___RAL_ascii_mbtowc
    c89c ISR        ___thunk___RAL_ascii_wctomb
    c8e0 CONST      _cmd_tbl            
    cf03 CONST      _ARClib_version     
    cf16 CONST      _ARClib_vstruct     
    cf54 CONST      thread_init_begin   
    cf58 CONST      thread_init_end     
    e304 CONST      _busAddrSym         
    f00e CONST      ___RAL_hex_uc       
    f01e CONST      ___RAL_hex_lc       
    f046 CONST      ___RAL_ascii_ctype_map
    f0d4 CONST      ___RAL_codeset_ascii
    f0e4 CONST      ___RAL_c_locale_day_names
    f11e CONST      ___RAL_c_locale_abbrev_day_names
    f13b CONST      ___RAL_c_locale_month_names
    f192 CONST      ___RAL_c_locale_abbrev_month_names
    f1c3 CONST      ___RAL_c_locale_am_pm_indicator
    f1ca CONST      ___RAL_c_locale_date_format
    f1d3 CONST      ___RAL_c_locale_time_format
    f1dc CONST      ___RAL_c_locale_date_time_format
    f1eb CONST      ___RAL_data_utf8_period
    f1ed CONST      ___RAL_data_empty_string
    f1ee CONST      ___RAL_c_locale_data
    f220 CONST      ___RAL_c_locale     
    f228 CONST      ___float32_nan      
    f22c CODE       ___putchar          
    f23c CODE       ___getchar          
    f242 CODE       _main               
    f336 CODE       _motor_cmd          
    f3a4 CODE       _sub_events         
    f434 CODE       _sys_events         
    f48c CODE       _timer_A0_setup     
    f49a CODE       _motor_setup        
    f4a2 CODE       ___vfprintf_float_long_long
    f4a2 CODE       ___vfprintf         
   10790 CODE       _ctl_private_add_to_task_list
   107de CODE       _ctl_private_remove_from_task_list
   10818 CODE       _ctl_private_reschedule
   108f0 CODE       _ctl_task_init      
   1092c CODE       _ctl_task_run       
   109b8 CODE       _ctl_task_die       
   109e0 CODE       _ctl_task_set_priority
   10a1e CODE       _ctl_timeout_wait   
   10a60 CODE       _ctl_increment_tick_from_isr
   10ada CODE       _ctl_get_current_time
   10af2 CODE       ___printf_lock      
   10b0e CODE       ___printf_unlock    
   10b22 CODE       _ctl_events_init    
   10b36 CODE       _ctl_events_wait    
   10c32 CODE       _ctl_private_events_schedule
   10cb6 CODE       _ctl_events_set_clear
   10d16 CODE       _ctl_mutex_init     
   10d2e CODE       _ctl_mutex_lock_uc  
   10d42 CODE       _ctl_mutex_lock     
   10e46 CODE       _ctl_mutex_unlock   
   10f0c CODE       _ctl_byte_queue_init
   11054 CODE       _ctl_byte_queue_post_multi
   1112c CODE       _ctl_byte_queue_receive_multi
   111fa CODE       _ctl_byte_queue_post_multi_nb
   1126a CODE       _ctl_byte_queue_receive_multi_nb
   112da CODE       _ctl_byte_queue_post
   11308 CODE       _ctl_byte_queue_receive
   1132e CODE       _ctl_byte_queue_post_nb
   11348 CODE       _ctl_byte_queue_receive_nb
   1135c CODE       _ctl_private_get_stack_start
   11362 CODE       _ctl_private_get_thread_local_storage
   11368 CODE       _ctl_private_init_registers
   113ca CODE       _ctl_private_init_thread_local_storage
   113e0 CODE       ___RAL_read_tp      
   113ee CODE       _ctl_private_reschedule_from_api_call
   1140a CODE       _ctl_enter_isr      
   1143e CODE       _ctl_exit_isr       
   11476 CODE       _ctl_global_interrupts_set
   1148e CODE       _BUS_get_OA         
   1150a CODE       _BUS_flags_to_addr  
   11580 CODE       _BUS_addr_to_flags  
   115d6 CODE       _BUS_cmd_init       
   115f0 CODE       _BUS_OA_check       
   11626 CODE       _addr_chk           
   11652 CODE       _BUS_I2C_release    
   116ee CODE       _BUS_cmd_tx         
   11986 CODE       _BUS_SPI_txrx       
   11bf8 CODE       _crc7               
   11c2a CODE       _crc16              
   11c5e CODE       _get_ticker_time    
   11c76 CODE       _setget_ticker_time 
   11c9e CODE       _SPI_master_setup   
   11cb8 CODE       _SPI_slave_setup    
   11cd2 CODE       _SPI_deactivate     
   11ce2 CODE       _initCLK            
   11d2c CODE       _init_timerA        
   11d40 CODE       _start_timerA       
   11d48 CODE       _initSVS            
   11d9e CODE       _ARC_setup          
   11e32 CODE       _initARCbus         
   11f30 CODE       _readTA1            
   12a1a CODE       _mainLoop           
   12a64 CODE       _BUS_init_buffer    
   12a6e CODE       _BUS_get_buffer_size
   12a74 CODE       _BUS_get_buffer     
   12a9c CODE       _BUS_free_buffer    
   12aa6 CODE       _async_isOpen       
   12aac CODE       _async_open_remote  
   12b3e CODE       _async_close_remote 
   12b6c CODE       _async_send_data    
   12bd2 CODE       _async_CheckKey     
   12bee CODE       _BUS_free_alarm     
   12c06 CODE       _BUS_timer_timeout_check
   12c5a CODE       _BUS_alarm_ticker_update
   12d62 CODE       _PMM_setVCoreUp     
   12e5c CODE       _PMM_setVCoreDown   
   12f16 CODE       _PMM_setVCore       
   12f56 CODE       _ctl_handle_error   
   12f68 CODE       _err_decode_arcbus  
   13650 CODE       _BUS_error_str      
   13720 CODE       _BUS_cmdtostr       
   138cc CODE       _BUS_cmd_resptostr  
   13952 CODE       _bus_flags_tostr    
   13972 CODE       _bus_version_err_tostr
   139f4 CODE       _reset_bor          
   13a26 CODE       _main_return        
   13a3a CODE       _startup_error_check
   13c82 CODE       _err_register_handler
   13d3a CODE       _error_init         
   13d5c CODE       _error_recording_start
   13df8 CODE       _set_error_level    
   13e04 CODE       _get_error_level    
   13e0a CODE       __record_error      
   13eb4 CODE       _record_error       
   13ef8 CODE       _ERR_lev_str        
   13f36 CODE       _err_do_decode      
   13fbe CODE       _print_error        
   1400c CODE       _report_error       
   1404c CODE       _clear_saved_errors 
   1407e CODE       _error_log_mem_replay
   14100 CODE       _error_log_replay   
   141c2 CODE       _make_args          
   1422c CODE       _helpCmd            
   142de CODE       _doCmd              
   14362 CODE       _hist_incr          
   1436e CODE       _hist_decr          
   1437a CODE       _terminal           
   14632 CODE       _I2C_addr_lookup    
   1467a CODE       _I2C_addr_revlookup 
   146b2 CODE       _getI2C_addr        
   1477c CODE       _restCmd            
   14832 CODE       _timeCmd            
   14848 CODE       _txCmd              
   149c6 CODE       _spiCmd             
   14ad8 CODE       _ARCsearch_Cmd      
   14b8e CODE       _ARClib_version_Cmd 
   14ba0 CODE       _errReq_Cmd         
   14d60 CODE       _priorityCmd        
   14e14 CODE       _timesliceCmd       
   14e7c CODE       _stateName          
   14efe CODE       _statsCmd           
   14f60 CODE       _stackCmd           
   14faa CODE       _parse_log_level    
   15084 CODE       _replayCmd          
   15110 CODE       _clearErrCmd        
   15134 CODE       _logCmd             
   151ba CODE       _SD_error_str       
   153c8 CODE       _UCA2_init_UART     
   154a4 CODE       _UCA2_TxChar        
   154e0 CODE       _UCA2_Getc          
   154fc CODE       ___int32_mul        
   1551e CODE       ___int16_div        
   15544 CODE       ___int16_mod        
   1556a CODE       ___int16_mul        
   15580 CODE       ___int64_lsl        
   15592 CODE       ___int64_lsr        
   155f2 CODE       ___uint64_mod       
   15612 CODE       ___uint16_div       
   1562a CODE       ___uint16_mod       
   15632 CODE       ___uint64_div       
   1565a CODE       ___uint64_divmod    
   15696 CODE       ___digit            
   156dc CODE       ___RAL_pow10        
   15732 CODE       ___strtoul          
   15850 CODE       ___putc             
   1589a CODE       ___RAL_print_padding
   158b8 CODE       ___RAL_pre_padding  
   158e2 CODE       _abs                
   158f2 CODE       _atoi               
   15918 CODE       _atol               
   15942 CODE       ___RAL_isctype      
   15960 CODE       _isupper            
   15972 CODE       _islower            
   15984 CODE       _isdigit            
   15994 CODE       _isspace            
   159a4 CODE       _iscntrl            
   159b6 CODE       ___errno            
   159c0 CODE       _getchar            
   159de CODE       ___RAL_global_locale_category
   15aae CODE       _printf             
   15aea CODE       _puts               
   15b24 CODE       _sprintf            
   15b54 CODE       _strcmp             
   15b74 CODE       _strcpy             
   15b8a CODE       _strncmp            
   15bb8 CODE       _strlcpy            
   15bfc CODE       _strnlen            
   15c16 CODE       _strtol             
   15cc2 CODE       _strtoul            
   15d76 CODE       ___RAL_init_mbstate 
   15d84 CODE       ___RAL_ascii_mbtowc 
   15dca CODE       ___RAL_ascii_wctomb 
   15df2 CODE       _memcpy             
   15e02 CODE       _memset             
   15e12 CODE       _strlen             
   15e22 CODE       ___float32_isinf    
   15e3c CODE       ___float32_isnan    
   15e54 CODE       ___float32_signbit  
   15e64 CODE       ___uint64_to_float32
   15f88 CODE       ___float32_to_int64 
   1603a CODE       ___float32_add      
   1612c CODE       ___float32_sub      
   16138 CODE       ___float32_mul      
   16210 CODE       ___float32_div      
   162ce CODE       ___float32_lt       
   162ea CODE       ___float32_eq       
   162fa CODE       _modff              
   16390 CODE       _floor              
   16390 CODE       _floorf             
   16460 CODE       _fmodf              
   16460 CODE       _fmod               
   165d2 CODE       _fabsf              
   165d8 CODE       _ldexp              
   16614 CODE       _frexp              
