
SYMBOLS BY NAME

      80            CTL_IRQ_STACK_SIZE  
    3e70 UDATA0     _ARC_bus_helper_task
    4090 UDATA0     _ARC_bus_task       
   11fb2 CODE       _ARC_setup          
    cfcd CONST      _ARClib_version     
   14d86 CODE       _ARClib_version_Cmd 
    cfe0 CONST      _ARClib_vstruct     
   14cd0 CODE       _ARCsearch_Cmd      
   11866 CODE       _BUS_I2C_release    
    3e8c UDATA0     _BUS_INT_events     
   11804 CODE       _BUS_OA_check       
   11b9a CODE       _BUS_SPI_txrx       
   11794 CODE       _BUS_addr_to_flags  
   12e52 CODE       _BUS_alarm_ticker_update
   117ea CODE       _BUS_cmd_init       
   13ac4 CODE       _BUS_cmd_resptostr  
   11902 CODE       _BUS_cmd_tx         
   13918 CODE       _BUS_cmdtostr       
   13848 CODE       _BUS_error_str      
   1171e CODE       _BUS_flags_to_addr  
   12de6 CODE       _BUS_free_alarm     
   12cb0 CODE       _BUS_free_buffer    
   116a2 CODE       _BUS_get_OA         
   12c88 CODE       _BUS_get_buffer     
   12c82 CODE       _BUS_get_buffer_size
    3e8e UDATA0     _BUS_helper_events  
   12c78 CODE       _BUS_init_buffer    
    3e90 UDATA0     _BUS_stack          
    509c THREAD     _BUS_thread_addr_flags
   12dfe CODE       _BUS_timer_timeout_check
    4330 UDATA0     _DMA_events         
    c602 ISR        _DMA_int            
   140f0 CODE       _ERR_lev_str        
   1482a CODE       _I2C_addr_lookup    
   14872 CODE       _I2C_addr_revlookup 
    c878 ISR        _I2C_dat            
    40f0 UDATA0     _I2C_rx_buf         
    40ee UDATA0     _I2C_rx_in          
    40ec UDATA0     _I2C_rx_out         
    508a UDATA0     _I2C_stat           
   1310e CODE       _PMM_setVCore       
   13054 CODE       _PMM_setVCoreDown   
   12f5a CODE       _PMM_setVCoreUp     
    f5de CODE       _PosFour            
    f5ec CODE       _PosOff             
    f5b4 CODE       _PosOne             
    f5d0 CODE       _PosThree           
    f5c2 CODE       _PosTwo             
   153b2 CODE       _SD_error_str       
   11ee6 CODE       _SPI_deactivate     
   11eb2 CODE       _SPI_master_setup   
   11ecc CODE       _SPI_slave_setup    
    40c8 UDATA0     _SUB_events         
    c6c8 ISR        _SYS_NMI            
    3bca UDATA0     _SYS_evt            
    c010 ISR        _Timer_A1_ISR       
   156f4 CODE       _UCA2_CheckKey      
   156d8 CODE       _UCA2_Getc          
    c816 ISR        _UCA2_ISR           
    4f40 UDATA0     _UCA2_RxBuf         
    4fe4 UDATA0     _UCA2_TxBuf         
   1569c CODE       _UCA2_TxChar        
   155c0 CODE       _UCA2_init_UART     
    f112 CONST      ___RAL_ascii_ctype_map
   15f98 CODE       ___RAL_ascii_mbtowc 
   15fde CODE       ___RAL_ascii_wctomb 
    f2ec CONST      ___RAL_c_locale     
    f1ea CONST      ___RAL_c_locale_abbrev_day_names
    f25e CONST      ___RAL_c_locale_abbrev_month_names
    f28f CONST      ___RAL_c_locale_am_pm_indicator
    f2ba CONST      ___RAL_c_locale_data
    f296 CONST      ___RAL_c_locale_date_format
    f2a8 CONST      ___RAL_c_locale_date_time_format
    f1b0 CONST      ___RAL_c_locale_day_names
    f207 CONST      ___RAL_c_locale_month_names
    f29f CONST      ___RAL_c_locale_time_format
    f1a0 CONST      ___RAL_codeset_ascii
    f2b9 CONST      ___RAL_data_empty_string
    f2b7 CONST      ___RAL_data_utf8_period
    1c26 IDATA0     ___RAL_global_locale
   15bf2 CODE       ___RAL_global_locale_category
    f0ea CONST      ___RAL_hex_lc       
    f0da CONST      ___RAL_hex_uc       
   15f8a CODE       ___RAL_init_mbstate 
   15b56 CODE       ___RAL_isctype      
   158f0 CODE       ___RAL_pow10        
   15acc CODE       ___RAL_pre_padding  
   15aae CODE       ___RAL_print_padding
   115f4 CODE       ___RAL_read_tp      
    1c00            ___RAM_Address      
    8000            ___RAM_Size         
    1c00            ___begin_IDATA0     
    509c            ___begin_THREAD     
    1c30            ___begin_UDATA0     
     4c0            ___crt_mpy          
     4d2            ___crt_mpy32h       
     4d0            ___crt_mpy32l       
     4c8            ___crt_op2          
     4e2            ___crt_op2h         
     4e0            ___crt_op2l         
     4e4            ___crt_res0         
     4e6            ___crt_res1         
     4e8            ___crt_res2         
     4ea            ___crt_res3         
     4ca            ___crt_reslo        
   158aa CODE       ___digit            
    1c30            ___end_IDATA0       
    50a0            ___end_THREAD       
    509c            ___end_UDATA0       
   15bca CODE       ___errno            
   1624e CODE       ___float32_add      
   16424 CODE       ___float32_div      
   164fe CODE       ___float32_eq       
   16036 CODE       ___float32_isinf    
   16050 CODE       ___float32_isnan    
   164e2 CODE       ___float32_lt       
   1634c CODE       ___float32_mul      
    f2f4 CONST      ___float32_nan      
   16068 CODE       ___float32_signbit  
   16340 CODE       ___float32_sub      
   16538 CODE       ___float32_to_int16 
   1619c CODE       ___float32_to_int64 
    f308 CODE       ___getchar          
   15732 CODE       ___int16_div        
   15758 CODE       ___int16_mod        
   1577e CODE       ___int16_mul        
   15710 CODE       ___int32_mul        
   15794 CODE       ___int64_lsl        
   157a6 CODE       ___int64_lsr        
   10d06 CODE       ___printf_lock      
   10d22 CODE       ___printf_unlock    
   15a64 CODE       ___putc             
    f2f8 CODE       ___putchar          
   15946 CODE       ___strtoul          
    c7f2 ISR        ___thunk_ARClib_version_Cmd
    c7ee ISR        ___thunk_ARCsearch_Cmd
    c96a ISR        ___thunk___RAL_ascii_mbtowc
    c96e ISR        ___thunk___RAL_ascii_wctomb
    c000 ISR        ___thunk___putchar  
    c80e ISR        ___thunk_clearErrCmd
    c7f6 ISR        ___thunk_errReq_Cmd 
    c7d2 ISR        ___thunk_err_decode_arcbus
    c7d6 ISR        ___thunk_helpCmd    
    c812 ISR        ___thunk_logCmd     
    c004 ISR        ___thunk_motor_cmd  
    c7fa ISR        ___thunk_priorityCmd
    c80a ISR        ___thunk_replayCmd  
    c7de ISR        ___thunk_restCmd    
    c7ea ISR        ___thunk_spiCmd     
    c806 ISR        ___thunk_stackCmd   
    c802 ISR        ___thunk_statsCmd   
    c008 ISR        ___thunk_sub_events 
    c00c ISR        ___thunk_sys_events 
    c7da ISR        ___thunk_terminal   
    c7e2 ISR        ___thunk_timeCmd    
    c7fe ISR        ___thunk_timesliceCmd
    c7e6 ISR        ___thunk_txCmd      
   15826 CODE       ___uint16_div       
   1583e CODE       ___uint16_mod       
   1650e CODE       ___uint16_to_float32
   15846 CODE       ___uint64_div       
   1586e CODE       ___uint64_divmod    
   15806 CODE       ___uint64_mod       
   16078 CODE       ___uint64_to_float32
    1c24 IDATA0     ___ungot            
    509a UDATA0     ___user_format_extender
    f602 CODE       ___vfprintf         
    f602 CODE       ___vfprintf_float_long_long
   14002 CODE       __record_error      
   15af6 CODE       _abs                
   1183a CODE       _addr_chk           
    4984 UDATA0     _alarms             
    40ca UDATA0     _arcBus_stat        
    1c18 IDATA0     _async_addr         
   12d52 CODE       _async_close_remote 
   12cba CODE       _async_isOpen       
   12cc0 CODE       _async_open_remote  
    4968 UDATA0     _async_rxQ          
   12d80 CODE       _async_send_data    
    1c1a IDATA0     _async_timer        
    4976 UDATA0     _async_txQ          
   15b06 CODE       _atoi               
   15b2c CODE       _atol               
    4736 UDATA0     _buffer_mutex       
    e3d0 CONST      _busAddrSym         
    c104 ISR        _bus_I2C_isr        
    c540 ISR        _bus_SPI_isr        
   13b4a CODE       _bus_flags_tostr    
    c54c ISR        _bus_int            
    c682 ISR        _bus_resend         
   13b6a CODE       _bus_version_err_tostr
   15308 CODE       _clearErrCmd        
   14244 CODE       _clear_saved_errors 
    1c1c IDATA0     _closed_event       
    1c1e IDATA0     _closed_flag        
    1c14 IDATA0     _cmd_parse_list     
    c9a2 CONST      _cmd_tbl            
    3bc6 UDATA0     _count              
   11e3e CODE       _crc16              
   11e0c CODE       _crc7               
    3c5e UDATA0     _crc_mutex          
   11120 CODE       _ctl_byte_queue_init
   114ee CODE       _ctl_byte_queue_post
   11268 CODE       _ctl_byte_queue_post_multi
   1140e CODE       _ctl_byte_queue_post_multi_nb
   11542 CODE       _ctl_byte_queue_post_nb
   1151c CODE       _ctl_byte_queue_receive
   11340 CODE       _ctl_byte_queue_receive_multi
   1147e CODE       _ctl_byte_queue_receive_multi_nb
   1155c CODE       _ctl_byte_queue_receive_nb
    3bd2 UDATA0     _ctl_current_time   
   1161e CODE       _ctl_enter_isr      
   10d36 CODE       _ctl_events_init    
   10eca CODE       _ctl_events_set_clear
   10d4a CODE       _ctl_events_wait    
   11652 CODE       _ctl_exit_isr       
   10cee CODE       _ctl_get_current_time
   1168a CODE       _ctl_global_interrupts_set
   1314e CODE       _ctl_handle_error   
   10c74 CODE       _ctl_increment_tick_from_isr
    3bd7 UDATA0     _ctl_interrupt_count
    3bce UDATA0     _ctl_last_schedule_time
    1c08 IDATA0     _ctl_libc_mutex     
   10f2a CODE       _ctl_mutex_init     
   10f56 CODE       _ctl_mutex_lock     
   10f42 CODE       _ctl_mutex_lock_uc  
   1105a CODE       _ctl_mutex_unlock   
   109a4 CODE       _ctl_private_add_to_task_list
   10e46 CODE       _ctl_private_events_schedule
   11570 CODE       _ctl_private_get_stack_start
   11576 CODE       _ctl_private_get_thread_local_storage
   1157c CODE       _ctl_private_init_registers
   115de CODE       _ctl_private_init_thread_local_storage
   109f2 CODE       _ctl_private_remove_from_task_list
   10a2c CODE       _ctl_private_reschedule
   11602 CODE       _ctl_private_reschedule_from_api_call
    3bd6 UDATA0     _ctl_reschedule_on_last_isr_exit
   10bcc CODE       _ctl_task_die       
    3bd8 UDATA0     _ctl_task_executing 
   10b04 CODE       _ctl_task_init      
    3bda UDATA0     _ctl_task_list      
   10b40 CODE       _ctl_task_run       
   10bf4 CODE       _ctl_task_set_priority
    3bcc UDATA0     _ctl_task_switch_callout
    1c06 IDATA0     _ctl_time_increment 
   10c32 CODE       _ctl_timeout_wait   
    1c02 IDATA0     _ctl_timeslice_period
    3bc4 UDATA0     _direction          
   144d6 CODE       _doCmd              
   14d98 CODE       _errReq_Cmd         
   13160 CODE       _err_decode_arcbus  
   1412e CODE       _err_do_decode      
   13e7a CODE       _err_register_handler
   13f32 CODE       _error_init         
   14276 CODE       _error_log_mem_replay
   142f8 CODE       _error_log_replay   
   13f54 CODE       _error_recording_start
   1684c CODE       _fabsf              
   1660a CODE       _floor              
   1660a CODE       _floorf             
   166da CODE       _fmod               
   166da CODE       _fmodf              
   1688e CODE       _frexp              
   148aa CODE       _getI2C_addr        
   13ffc CODE       _get_error_level    
   11e72 CODE       _get_ticker_time    
   15bd4 CODE       _getchar            
   14424 CODE       _helpCmd            
    3c7c UDATA0     _helper_stack       
   14566 CODE       _hist_decr          
   1455a CODE       _hist_incr          
    40ac UDATA0     _idle_task          
   12046 CODE       _initARCbus         
   11ef6 CODE       _initCLK            
   11f5c CODE       _initSVS            
   11f40 CODE       _init_timerA        
   15bb8 CODE       _iscntrl            
   15b98 CODE       _isdigit            
   15b86 CODE       _islower            
   15ba8 CODE       _isspace            
   15b74 CODE       _isupper            
   16852 CODE       _ldexp              
   1532c CODE       _logCmd             
    f30e CODE       _main               
   12c2e CODE       _mainLoop           
   13c1e CODE       _main_return        
   143ba CODE       _make_args          
   16006 CODE       _memcpy             
   16016 CODE       _memset             
    c86c ISR        _mmc_ISR            
   16574 CODE       _modff              
    f402 CODE       _motor_cmd          
    f5ac CODE       _motor_setup        
    49a4 UDATA0     _next_idx           
   151a2 CODE       _parse_log_level    
    1c12 IDATA0     _powerState         
   141b6 CODE       _print_error        
   15cc2 CODE       _printf             
   14f58 CODE       _priorityCmd        
   15cfe CODE       _puts               
   12144 CODE       _readTA1            
   140ac CODE       _record_error       
   1527c CODE       _replayCmd          
   14204 CODE       _report_error       
   13bec CODE       _reset_bor          
   14974 CODE       _restCmd            
    473c UDATA0     _rxbuf              
    4994 UDATA0     _saved_error        
   13ff0 CODE       _set_error_level    
   11e8a CODE       _setget_ticker_time 
   14bbe CODE       _spiCmd             
   15d38 CODE       _sprintf            
   15158 CODE       _stackCmd           
   11f54 CODE       _start_timerA       
   13c32 CODE       _startup_error_check
   15074 CODE       _stateName          
   150f6 CODE       _statsCmd           
   15d68 CODE       _strcmp             
   15d88 CODE       _strcpy             
   15dcc CODE       _strlcpy            
   16026 CODE       _strlen             
   15d9e CODE       _strncmp            
   15e10 CODE       _strnlen            
   15e2a CODE       _strtol             
   15ed6 CODE       _strtoul            
    f4b6 CODE       _sub_events         
    1c30 UDATA0     _sub_stack          
    3b8c UDATA0     _sub_task           
    f546 CODE       _sys_events         
    2400 UDATA0     _sys_stack          
    3b70 UDATA0     _sys_task           
    c648 ISR        _task_tick          
   14572 CODE       _terminal           
    2bd0 UDATA0     _terminal_stack     
    3ba8 UDATA0     _terminal_task      
    1c00 IDATA0     _tick               
    3c64 UDATA0     _ticker_time        
   14a2a CODE       _timeCmd            
    f59e CODE       _timer_A1_setup     
   1500c CODE       _timesliceCmd       
   14a40 CODE       _txCmd              
    4868 UDATA0     _txbuf              
    d020 CONST      thread_init_begin   
    d024 CONST      thread_init_end     


SYMBOLS BY VALUE

      80            CTL_IRQ_STACK_SIZE  
     4c0            ___crt_mpy          
     4c8            ___crt_op2          
     4ca            ___crt_reslo        
     4d0            ___crt_mpy32l       
     4d2            ___crt_mpy32h       
     4e0            ___crt_op2l         
     4e2            ___crt_op2h         
     4e4            ___crt_res0         
     4e6            ___crt_res1         
     4e8            ___crt_res2         
     4ea            ___crt_res3         
    1c00 IDATA0     _tick               
    1c00            ___begin_IDATA0     
    1c00            ___RAM_Address      
    1c02 IDATA0     _ctl_timeslice_period
    1c06 IDATA0     _ctl_time_increment 
    1c08 IDATA0     _ctl_libc_mutex     
    1c12 IDATA0     _powerState         
    1c14 IDATA0     _cmd_parse_list     
    1c18 IDATA0     _async_addr         
    1c1a IDATA0     _async_timer        
    1c1c IDATA0     _closed_event       
    1c1e IDATA0     _closed_flag        
    1c24 IDATA0     ___ungot            
    1c26 IDATA0     ___RAL_global_locale
    1c30 UDATA0     _sub_stack          
    1c30            ___end_IDATA0       
    1c30            ___begin_UDATA0     
    2400 UDATA0     _sys_stack          
    2bd0 UDATA0     _terminal_stack     
    3b70 UDATA0     _sys_task           
    3b8c UDATA0     _sub_task           
    3ba8 UDATA0     _terminal_task      
    3bc4 UDATA0     _direction          
    3bc6 UDATA0     _count              
    3bca UDATA0     _SYS_evt            
    3bcc UDATA0     _ctl_task_switch_callout
    3bce UDATA0     _ctl_last_schedule_time
    3bd2 UDATA0     _ctl_current_time   
    3bd6 UDATA0     _ctl_reschedule_on_last_isr_exit
    3bd7 UDATA0     _ctl_interrupt_count
    3bd8 UDATA0     _ctl_task_executing 
    3bda UDATA0     _ctl_task_list      
    3c5e UDATA0     _crc_mutex          
    3c64 UDATA0     _ticker_time        
    3c7c UDATA0     _helper_stack       
    3e70 UDATA0     _ARC_bus_helper_task
    3e8c UDATA0     _BUS_INT_events     
    3e8e UDATA0     _BUS_helper_events  
    3e90 UDATA0     _BUS_stack          
    4090 UDATA0     _ARC_bus_task       
    40ac UDATA0     _idle_task          
    40c8 UDATA0     _SUB_events         
    40ca UDATA0     _arcBus_stat        
    40ec UDATA0     _I2C_rx_out         
    40ee UDATA0     _I2C_rx_in          
    40f0 UDATA0     _I2C_rx_buf         
    4330 UDATA0     _DMA_events         
    4736 UDATA0     _buffer_mutex       
    473c UDATA0     _rxbuf              
    4868 UDATA0     _txbuf              
    4968 UDATA0     _async_rxQ          
    4976 UDATA0     _async_txQ          
    4984 UDATA0     _alarms             
    4994 UDATA0     _saved_error        
    49a4 UDATA0     _next_idx           
    4f40 UDATA0     _UCA2_RxBuf         
    4fe4 UDATA0     _UCA2_TxBuf         
    508a UDATA0     _I2C_stat           
    509a UDATA0     ___user_format_extender
    509c            ___end_UDATA0       
    509c THREAD     _BUS_thread_addr_flags
    509c            ___begin_THREAD     
    50a0            ___end_THREAD       
    8000            ___RAM_Size         
    c000 ISR        ___thunk___putchar  
    c004 ISR        ___thunk_motor_cmd  
    c008 ISR        ___thunk_sub_events 
    c00c ISR        ___thunk_sys_events 
    c010 ISR        _Timer_A1_ISR       
    c104 ISR        _bus_I2C_isr        
    c540 ISR        _bus_SPI_isr        
    c54c ISR        _bus_int            
    c602 ISR        _DMA_int            
    c648 ISR        _task_tick          
    c682 ISR        _bus_resend         
    c6c8 ISR        _SYS_NMI            
    c7d2 ISR        ___thunk_err_decode_arcbus
    c7d6 ISR        ___thunk_helpCmd    
    c7da ISR        ___thunk_terminal   
    c7de ISR        ___thunk_restCmd    
    c7e2 ISR        ___thunk_timeCmd    
    c7e6 ISR        ___thunk_txCmd      
    c7ea ISR        ___thunk_spiCmd     
    c7ee ISR        ___thunk_ARCsearch_Cmd
    c7f2 ISR        ___thunk_ARClib_version_Cmd
    c7f6 ISR        ___thunk_errReq_Cmd 
    c7fa ISR        ___thunk_priorityCmd
    c7fe ISR        ___thunk_timesliceCmd
    c802 ISR        ___thunk_statsCmd   
    c806 ISR        ___thunk_stackCmd   
    c80a ISR        ___thunk_replayCmd  
    c80e ISR        ___thunk_clearErrCmd
    c812 ISR        ___thunk_logCmd     
    c816 ISR        _UCA2_ISR           
    c86c ISR        _mmc_ISR            
    c878 ISR        _I2C_dat            
    c96a ISR        ___thunk___RAL_ascii_mbtowc
    c96e ISR        ___thunk___RAL_ascii_wctomb
    c9a2 CONST      _cmd_tbl            
    cfcd CONST      _ARClib_version     
    cfe0 CONST      _ARClib_vstruct     
    d020 CONST      thread_init_begin   
    d024 CONST      thread_init_end     
    e3d0 CONST      _busAddrSym         
    f0da CONST      ___RAL_hex_uc       
    f0ea CONST      ___RAL_hex_lc       
    f112 CONST      ___RAL_ascii_ctype_map
    f1a0 CONST      ___RAL_codeset_ascii
    f1b0 CONST      ___RAL_c_locale_day_names
    f1ea CONST      ___RAL_c_locale_abbrev_day_names
    f207 CONST      ___RAL_c_locale_month_names
    f25e CONST      ___RAL_c_locale_abbrev_month_names
    f28f CONST      ___RAL_c_locale_am_pm_indicator
    f296 CONST      ___RAL_c_locale_date_format
    f29f CONST      ___RAL_c_locale_time_format
    f2a8 CONST      ___RAL_c_locale_date_time_format
    f2b7 CONST      ___RAL_data_utf8_period
    f2b9 CONST      ___RAL_data_empty_string
    f2ba CONST      ___RAL_c_locale_data
    f2ec CONST      ___RAL_c_locale     
    f2f4 CONST      ___float32_nan      
    f2f8 CODE       ___putchar          
    f308 CODE       ___getchar          
    f30e CODE       _main               
    f402 CODE       _motor_cmd          
    f4b6 CODE       _sub_events         
    f546 CODE       _sys_events         
    f59e CODE       _timer_A1_setup     
    f5ac CODE       _motor_setup        
    f5b4 CODE       _PosOne             
    f5c2 CODE       _PosTwo             
    f5d0 CODE       _PosThree           
    f5de CODE       _PosFour            
    f5ec CODE       _PosOff             
    f602 CODE       ___vfprintf_float_long_long
    f602 CODE       ___vfprintf         
   109a4 CODE       _ctl_private_add_to_task_list
   109f2 CODE       _ctl_private_remove_from_task_list
   10a2c CODE       _ctl_private_reschedule
   10b04 CODE       _ctl_task_init      
   10b40 CODE       _ctl_task_run       
   10bcc CODE       _ctl_task_die       
   10bf4 CODE       _ctl_task_set_priority
   10c32 CODE       _ctl_timeout_wait   
   10c74 CODE       _ctl_increment_tick_from_isr
   10cee CODE       _ctl_get_current_time
   10d06 CODE       ___printf_lock      
   10d22 CODE       ___printf_unlock    
   10d36 CODE       _ctl_events_init    
   10d4a CODE       _ctl_events_wait    
   10e46 CODE       _ctl_private_events_schedule
   10eca CODE       _ctl_events_set_clear
   10f2a CODE       _ctl_mutex_init     
   10f42 CODE       _ctl_mutex_lock_uc  
   10f56 CODE       _ctl_mutex_lock     
   1105a CODE       _ctl_mutex_unlock   
   11120 CODE       _ctl_byte_queue_init
   11268 CODE       _ctl_byte_queue_post_multi
   11340 CODE       _ctl_byte_queue_receive_multi
   1140e CODE       _ctl_byte_queue_post_multi_nb
   1147e CODE       _ctl_byte_queue_receive_multi_nb
   114ee CODE       _ctl_byte_queue_post
   1151c CODE       _ctl_byte_queue_receive
   11542 CODE       _ctl_byte_queue_post_nb
   1155c CODE       _ctl_byte_queue_receive_nb
   11570 CODE       _ctl_private_get_stack_start
   11576 CODE       _ctl_private_get_thread_local_storage
   1157c CODE       _ctl_private_init_registers
   115de CODE       _ctl_private_init_thread_local_storage
   115f4 CODE       ___RAL_read_tp      
   11602 CODE       _ctl_private_reschedule_from_api_call
   1161e CODE       _ctl_enter_isr      
   11652 CODE       _ctl_exit_isr       
   1168a CODE       _ctl_global_interrupts_set
   116a2 CODE       _BUS_get_OA         
   1171e CODE       _BUS_flags_to_addr  
   11794 CODE       _BUS_addr_to_flags  
   117ea CODE       _BUS_cmd_init       
   11804 CODE       _BUS_OA_check       
   1183a CODE       _addr_chk           
   11866 CODE       _BUS_I2C_release    
   11902 CODE       _BUS_cmd_tx         
   11b9a CODE       _BUS_SPI_txrx       
   11e0c CODE       _crc7               
   11e3e CODE       _crc16              
   11e72 CODE       _get_ticker_time    
   11e8a CODE       _setget_ticker_time 
   11eb2 CODE       _SPI_master_setup   
   11ecc CODE       _SPI_slave_setup    
   11ee6 CODE       _SPI_deactivate     
   11ef6 CODE       _initCLK            
   11f40 CODE       _init_timerA        
   11f54 CODE       _start_timerA       
   11f5c CODE       _initSVS            
   11fb2 CODE       _ARC_setup          
   12046 CODE       _initARCbus         
   12144 CODE       _readTA1            
   12c2e CODE       _mainLoop           
   12c78 CODE       _BUS_init_buffer    
   12c82 CODE       _BUS_get_buffer_size
   12c88 CODE       _BUS_get_buffer     
   12cb0 CODE       _BUS_free_buffer    
   12cba CODE       _async_isOpen       
   12cc0 CODE       _async_open_remote  
   12d52 CODE       _async_close_remote 
   12d80 CODE       _async_send_data    
   12de6 CODE       _BUS_free_alarm     
   12dfe CODE       _BUS_timer_timeout_check
   12e52 CODE       _BUS_alarm_ticker_update
   12f5a CODE       _PMM_setVCoreUp     
   13054 CODE       _PMM_setVCoreDown   
   1310e CODE       _PMM_setVCore       
   1314e CODE       _ctl_handle_error   
   13160 CODE       _err_decode_arcbus  
   13848 CODE       _BUS_error_str      
   13918 CODE       _BUS_cmdtostr       
   13ac4 CODE       _BUS_cmd_resptostr  
   13b4a CODE       _bus_flags_tostr    
   13b6a CODE       _bus_version_err_tostr
   13bec CODE       _reset_bor          
   13c1e CODE       _main_return        
   13c32 CODE       _startup_error_check
   13e7a CODE       _err_register_handler
   13f32 CODE       _error_init         
   13f54 CODE       _error_recording_start
   13ff0 CODE       _set_error_level    
   13ffc CODE       _get_error_level    
   14002 CODE       __record_error      
   140ac CODE       _record_error       
   140f0 CODE       _ERR_lev_str        
   1412e CODE       _err_do_decode      
   141b6 CODE       _print_error        
   14204 CODE       _report_error       
   14244 CODE       _clear_saved_errors 
   14276 CODE       _error_log_mem_replay
   142f8 CODE       _error_log_replay   
   143ba CODE       _make_args          
   14424 CODE       _helpCmd            
   144d6 CODE       _doCmd              
   1455a CODE       _hist_incr          
   14566 CODE       _hist_decr          
   14572 CODE       _terminal           
   1482a CODE       _I2C_addr_lookup    
   14872 CODE       _I2C_addr_revlookup 
   148aa CODE       _getI2C_addr        
   14974 CODE       _restCmd            
   14a2a CODE       _timeCmd            
   14a40 CODE       _txCmd              
   14bbe CODE       _spiCmd             
   14cd0 CODE       _ARCsearch_Cmd      
   14d86 CODE       _ARClib_version_Cmd 
   14d98 CODE       _errReq_Cmd         
   14f58 CODE       _priorityCmd        
   1500c CODE       _timesliceCmd       
   15074 CODE       _stateName          
   150f6 CODE       _statsCmd           
   15158 CODE       _stackCmd           
   151a2 CODE       _parse_log_level    
   1527c CODE       _replayCmd          
   15308 CODE       _clearErrCmd        
   1532c CODE       _logCmd             
   153b2 CODE       _SD_error_str       
   155c0 CODE       _UCA2_init_UART     
   1569c CODE       _UCA2_TxChar        
   156d8 CODE       _UCA2_Getc          
   156f4 CODE       _UCA2_CheckKey      
   15710 CODE       ___int32_mul        
   15732 CODE       ___int16_div        
   15758 CODE       ___int16_mod        
   1577e CODE       ___int16_mul        
   15794 CODE       ___int64_lsl        
   157a6 CODE       ___int64_lsr        
   15806 CODE       ___uint64_mod       
   15826 CODE       ___uint16_div       
   1583e CODE       ___uint16_mod       
   15846 CODE       ___uint64_div       
   1586e CODE       ___uint64_divmod    
   158aa CODE       ___digit            
   158f0 CODE       ___RAL_pow10        
   15946 CODE       ___strtoul          
   15a64 CODE       ___putc             
   15aae CODE       ___RAL_print_padding
   15acc CODE       ___RAL_pre_padding  
   15af6 CODE       _abs                
   15b06 CODE       _atoi               
   15b2c CODE       _atol               
   15b56 CODE       ___RAL_isctype      
   15b74 CODE       _isupper            
   15b86 CODE       _islower            
   15b98 CODE       _isdigit            
   15ba8 CODE       _isspace            
   15bb8 CODE       _iscntrl            
   15bca CODE       ___errno            
   15bd4 CODE       _getchar            
   15bf2 CODE       ___RAL_global_locale_category
   15cc2 CODE       _printf             
   15cfe CODE       _puts               
   15d38 CODE       _sprintf            
   15d68 CODE       _strcmp             
   15d88 CODE       _strcpy             
   15d9e CODE       _strncmp            
   15dcc CODE       _strlcpy            
   15e10 CODE       _strnlen            
   15e2a CODE       _strtol             
   15ed6 CODE       _strtoul            
   15f8a CODE       ___RAL_init_mbstate 
   15f98 CODE       ___RAL_ascii_mbtowc 
   15fde CODE       ___RAL_ascii_wctomb 
   16006 CODE       _memcpy             
   16016 CODE       _memset             
   16026 CODE       _strlen             
   16036 CODE       ___float32_isinf    
   16050 CODE       ___float32_isnan    
   16068 CODE       ___float32_signbit  
   16078 CODE       ___uint64_to_float32
   1619c CODE       ___float32_to_int64 
   1624e CODE       ___float32_add      
   16340 CODE       ___float32_sub      
   1634c CODE       ___float32_mul      
   16424 CODE       ___float32_div      
   164e2 CODE       ___float32_lt       
   164fe CODE       ___float32_eq       
   1650e CODE       ___uint16_to_float32
   16538 CODE       ___float32_to_int16 
   16574 CODE       _modff              
   1660a CODE       _floorf             
   1660a CODE       _floor              
   166da CODE       _fmodf              
   166da CODE       _fmod               
   1684c CODE       _fabsf              
   16852 CODE       _ldexp              
   1688e CODE       _frexp              
