
SYMBOLS BY NAME

      80            CTL_IRQ_STACK_SIZE  
    3e6e UDATA0     _ARC_bus_helper_task
    408e UDATA0     _ARC_bus_task       
   11eb8 CODE       _ARC_setup          
    cf5d CONST      _ARClib_version     
   14c8c CODE       _ARClib_version_Cmd 
    cf70 CONST      _ARClib_vstruct     
   14bd6 CODE       _ARCsearch_Cmd      
   1176c CODE       _BUS_I2C_release    
    3e8a UDATA0     _BUS_INT_events     
   1170a CODE       _BUS_OA_check       
   11aa0 CODE       _BUS_SPI_txrx       
   1169a CODE       _BUS_addr_to_flags  
   12d58 CODE       _BUS_alarm_ticker_update
   116f0 CODE       _BUS_cmd_init       
   139ca CODE       _BUS_cmd_resptostr  
   11808 CODE       _BUS_cmd_tx         
   1381e CODE       _BUS_cmdtostr       
   1374e CODE       _BUS_error_str      
   11624 CODE       _BUS_flags_to_addr  
   12cec CODE       _BUS_free_alarm     
   12bb6 CODE       _BUS_free_buffer    
   115a8 CODE       _BUS_get_OA         
   12b8e CODE       _BUS_get_buffer     
   12b88 CODE       _BUS_get_buffer_size
    3e8c UDATA0     _BUS_helper_events  
   12b7e CODE       _BUS_init_buffer    
    3e8e UDATA0     _BUS_stack          
    509a THREAD     _BUS_thread_addr_flags
   12d04 CODE       _BUS_timer_timeout_check
    432e UDATA0     _DMA_events         
    c58c ISR        _DMA_int            
   13ff6 CODE       _ERR_lev_str        
   14730 CODE       _I2C_addr_lookup    
   14778 CODE       _I2C_addr_revlookup 
    c802 ISR        _I2C_dat            
    40ee UDATA0     _I2C_rx_buf         
    40ec UDATA0     _I2C_rx_in          
    40ea UDATA0     _I2C_rx_out         
    5088 UDATA0     _I2C_stat           
   13014 CODE       _PMM_setVCore       
   12f5a CODE       _PMM_setVCoreDown   
   12e60 CODE       _PMM_setVCoreUp     
    f570 CODE       _PosFour            
    f584 CODE       _PosOff             
    f534 CODE       _PosOne             
    f55c CODE       _PosThree           
    f548 CODE       _PosTwo             
   152b8 CODE       _SD_error_str       
   11dec CODE       _SPI_deactivate     
   11db8 CODE       _SPI_master_setup   
   11dd2 CODE       _SPI_slave_setup    
    40c6 UDATA0     _SUB_events         
    c652 ISR        _SYS_NMI            
    3bc8 UDATA0     _SYS_evt            
    c010 ISR        _Timer_A1_ISR       
   155fa CODE       _UCA2_CheckKey      
   155de CODE       _UCA2_Getc          
    c7a0 ISR        _UCA2_ISR           
    4f3e UDATA0     _UCA2_RxBuf         
    4fe2 UDATA0     _UCA2_TxBuf         
   155a2 CODE       _UCA2_TxChar        
   154c6 CODE       _UCA2_init_UART     
    f0a2 CONST      ___RAL_ascii_ctype_map
   15e9e CODE       ___RAL_ascii_mbtowc 
   15ee4 CODE       ___RAL_ascii_wctomb 
    f27c CONST      ___RAL_c_locale     
    f17a CONST      ___RAL_c_locale_abbrev_day_names
    f1ee CONST      ___RAL_c_locale_abbrev_month_names
    f21f CONST      ___RAL_c_locale_am_pm_indicator
    f24a CONST      ___RAL_c_locale_data
    f226 CONST      ___RAL_c_locale_date_format
    f238 CONST      ___RAL_c_locale_date_time_format
    f140 CONST      ___RAL_c_locale_day_names
    f197 CONST      ___RAL_c_locale_month_names
    f22f CONST      ___RAL_c_locale_time_format
    f130 CONST      ___RAL_codeset_ascii
    f249 CONST      ___RAL_data_empty_string
    f247 CONST      ___RAL_data_utf8_period
    1c26 IDATA0     ___RAL_global_locale
   15af8 CODE       ___RAL_global_locale_category
    f07a CONST      ___RAL_hex_lc       
    f06a CONST      ___RAL_hex_uc       
   15e90 CODE       ___RAL_init_mbstate 
   15a5c CODE       ___RAL_isctype      
   157f6 CODE       ___RAL_pow10        
   159d2 CODE       ___RAL_pre_padding  
   159b4 CODE       ___RAL_print_padding
   114fa CODE       ___RAL_read_tp      
    1c00            ___RAM_Address      
    8000            ___RAM_Size         
    1c00            ___begin_IDATA0     
    509a            ___begin_THREAD     
    1c30            ___begin_UDATA0     
     4c0            ___crt_mpy          
     4d2            ___crt_mpy32h       
     4d0            ___crt_mpy32l       
     4c8            ___crt_op2          
     4e2            ___crt_op2h         
     4e0            ___crt_op2l         
     4e4            ___crt_res0         
     4e6            ___crt_res1         
     4e8            ___crt_res2         
     4ea            ___crt_res3         
     4ca            ___crt_reslo        
   157b0 CODE       ___digit            
    1c30            ___end_IDATA0       
    509e            ___end_THREAD       
    509a            ___end_UDATA0       
   15ad0 CODE       ___errno            
   16154 CODE       ___float32_add      
   1632a CODE       ___float32_div      
   16404 CODE       ___float32_eq       
   15f3c CODE       ___float32_isinf    
   15f56 CODE       ___float32_isnan    
   163e8 CODE       ___float32_lt       
   16252 CODE       ___float32_mul      
    f284 CONST      ___float32_nan      
   15f6e CODE       ___float32_signbit  
   16246 CODE       ___float32_sub      
   1643e CODE       ___float32_to_int16 
   160a2 CODE       ___float32_to_int64 
    f298 CODE       ___getchar          
   15638 CODE       ___int16_div        
   1565e CODE       ___int16_mod        
   15684 CODE       ___int16_mul        
   15616 CODE       ___int32_mul        
   1569a CODE       ___int64_lsl        
   156ac CODE       ___int64_lsr        
   10c0c CODE       ___printf_lock      
   10c28 CODE       ___printf_unlock    
   1596a CODE       ___putc             
    f288 CODE       ___putchar          
   1584c CODE       ___strtoul          
    c77c ISR        ___thunk_ARClib_version_Cmd
    c778 ISR        ___thunk_ARCsearch_Cmd
    c8f4 ISR        ___thunk___RAL_ascii_mbtowc
    c8f8 ISR        ___thunk___RAL_ascii_wctomb
    c000 ISR        ___thunk___putchar  
    c798 ISR        ___thunk_clearErrCmd
    c780 ISR        ___thunk_errReq_Cmd 
    c75c ISR        ___thunk_err_decode_arcbus
    c760 ISR        ___thunk_helpCmd    
    c79c ISR        ___thunk_logCmd     
    c004 ISR        ___thunk_motor_cmd  
    c784 ISR        ___thunk_priorityCmd
    c794 ISR        ___thunk_replayCmd  
    c768 ISR        ___thunk_restCmd    
    c774 ISR        ___thunk_spiCmd     
    c790 ISR        ___thunk_stackCmd   
    c78c ISR        ___thunk_statsCmd   
    c008 ISR        ___thunk_sub_events 
    c00c ISR        ___thunk_sys_events 
    c764 ISR        ___thunk_terminal   
    c76c ISR        ___thunk_timeCmd    
    c788 ISR        ___thunk_timesliceCmd
    c770 ISR        ___thunk_txCmd      
   1572c CODE       ___uint16_div       
   15744 CODE       ___uint16_mod       
   16414 CODE       ___uint16_to_float32
   1574c CODE       ___uint64_div       
   15774 CODE       ___uint64_divmod    
   1570c CODE       ___uint64_mod       
   15f7e CODE       ___uint64_to_float32
    1c24 IDATA0     ___ungot            
    5098 UDATA0     ___user_format_extender
    f5a0 CODE       ___vfprintf         
    f5a0 CODE       ___vfprintf_float_long_long
   13f08 CODE       __record_error      
   159fc CODE       _abs                
   11740 CODE       _addr_chk           
    4982 UDATA0     _alarms             
    40c8 UDATA0     _arcBus_stat        
    1c18 IDATA0     _async_addr         
   12c58 CODE       _async_close_remote 
   12bc0 CODE       _async_isOpen       
   12bc6 CODE       _async_open_remote  
    4966 UDATA0     _async_rxQ          
   12c86 CODE       _async_send_data    
    1c1a IDATA0     _async_timer        
    4974 UDATA0     _async_txQ          
   15a0c CODE       _atoi               
   15a32 CODE       _atol               
    4734 UDATA0     _buffer_mutex       
    e360 CONST      _busAddrSym         
    c08e ISR        _bus_I2C_isr        
    c4ca ISR        _bus_SPI_isr        
   13a50 CODE       _bus_flags_tostr    
    c4d6 ISR        _bus_int            
    c60c ISR        _bus_resend         
   13a70 CODE       _bus_version_err_tostr
   1520e CODE       _clearErrCmd        
   1414a CODE       _clear_saved_errors 
    1c1c IDATA0     _closed_event       
    1c1e IDATA0     _closed_flag        
    1c14 IDATA0     _cmd_parse_list     
    c92c CONST      _cmd_tbl            
    3bc4 UDATA0     _count              
   11d44 CODE       _crc16              
   11d12 CODE       _crc7               
    3c5c UDATA0     _crc_mutex          
   11026 CODE       _ctl_byte_queue_init
   113f4 CODE       _ctl_byte_queue_post
   1116e CODE       _ctl_byte_queue_post_multi
   11314 CODE       _ctl_byte_queue_post_multi_nb
   11448 CODE       _ctl_byte_queue_post_nb
   11422 CODE       _ctl_byte_queue_receive
   11246 CODE       _ctl_byte_queue_receive_multi
   11384 CODE       _ctl_byte_queue_receive_multi_nb
   11462 CODE       _ctl_byte_queue_receive_nb
    3bd0 UDATA0     _ctl_current_time   
   11524 CODE       _ctl_enter_isr      
   10c3c CODE       _ctl_events_init    
   10dd0 CODE       _ctl_events_set_clear
   10c50 CODE       _ctl_events_wait    
   11558 CODE       _ctl_exit_isr       
   10bf4 CODE       _ctl_get_current_time
   11590 CODE       _ctl_global_interrupts_set
   13054 CODE       _ctl_handle_error   
   10b7a CODE       _ctl_increment_tick_from_isr
    3bd5 UDATA0     _ctl_interrupt_count
    3bcc UDATA0     _ctl_last_schedule_time
    1c08 IDATA0     _ctl_libc_mutex     
   10e30 CODE       _ctl_mutex_init     
   10e5c CODE       _ctl_mutex_lock     
   10e48 CODE       _ctl_mutex_lock_uc  
   10f60 CODE       _ctl_mutex_unlock   
   108aa CODE       _ctl_private_add_to_task_list
   10d4c CODE       _ctl_private_events_schedule
   11476 CODE       _ctl_private_get_stack_start
   1147c CODE       _ctl_private_get_thread_local_storage
   11482 CODE       _ctl_private_init_registers
   114e4 CODE       _ctl_private_init_thread_local_storage
   108f8 CODE       _ctl_private_remove_from_task_list
   10932 CODE       _ctl_private_reschedule
   11508 CODE       _ctl_private_reschedule_from_api_call
    3bd4 UDATA0     _ctl_reschedule_on_last_isr_exit
   10ad2 CODE       _ctl_task_die       
    3bd6 UDATA0     _ctl_task_executing 
   10a0a CODE       _ctl_task_init      
    3bd8 UDATA0     _ctl_task_list      
   10a46 CODE       _ctl_task_run       
   10afa CODE       _ctl_task_set_priority
    3bca UDATA0     _ctl_task_switch_callout
    1c06 IDATA0     _ctl_time_increment 
   10b38 CODE       _ctl_timeout_wait   
    1c02 IDATA0     _ctl_timeslice_period
   143dc CODE       _doCmd              
   14c9e CODE       _errReq_Cmd         
   13066 CODE       _err_decode_arcbus  
   14034 CODE       _err_do_decode      
   13d80 CODE       _err_register_handler
   13e38 CODE       _error_init         
   1417c CODE       _error_log_mem_replay
   141fe CODE       _error_log_replay   
   13e5a CODE       _error_recording_start
   16752 CODE       _fabsf              
   16510 CODE       _floor              
   16510 CODE       _floorf             
   165e0 CODE       _fmod               
   165e0 CODE       _fmodf              
   16794 CODE       _frexp              
   147b0 CODE       _getI2C_addr        
   13f02 CODE       _get_error_level    
   11d78 CODE       _get_ticker_time    
   15ada CODE       _getchar            
   1432a CODE       _helpCmd            
    3c7a UDATA0     _helper_stack       
   1446c CODE       _hist_decr          
   14460 CODE       _hist_incr          
    40aa UDATA0     _idle_task          
   11f4c CODE       _initARCbus         
   11dfc CODE       _initCLK            
   11e62 CODE       _initSVS            
   11e46 CODE       _init_timerA        
   15abe CODE       _iscntrl            
   15a9e CODE       _isdigit            
   15a8c CODE       _islower            
   15aae CODE       _isspace            
   15a7a CODE       _isupper            
   16758 CODE       _ldexp              
   15232 CODE       _logCmd             
    f29e CODE       _main               
   12b34 CODE       _mainLoop           
   13b24 CODE       _main_return        
   142c0 CODE       _make_args          
   15f0c CODE       _memcpy             
   15f1c CODE       _memset             
    c7f6 ISR        _mmc_ISR            
   1647a CODE       _modff              
    f392 CODE       _motor_cmd          
    f52c CODE       _motor_setup        
    49a2 UDATA0     _next_idx           
   150a8 CODE       _parse_log_level    
    1c12 IDATA0     _powerState         
   140bc CODE       _print_error        
   15bc8 CODE       _printf             
   14e5e CODE       _priorityCmd        
   15c04 CODE       _puts               
   1204a CODE       _readTA1            
   13fb2 CODE       _record_error       
   15182 CODE       _replayCmd          
   1410a CODE       _report_error       
   13af2 CODE       _reset_bor          
   1487a CODE       _restCmd            
    473a UDATA0     _rxbuf              
    4992 UDATA0     _saved_error        
   13ef6 CODE       _set_error_level    
   11d90 CODE       _setget_ticker_time 
   14ac4 CODE       _spiCmd             
   15c3e CODE       _sprintf            
   1505e CODE       _stackCmd           
   11e5a CODE       _start_timerA       
   13b38 CODE       _startup_error_check
   14f7a CODE       _stateName          
   14ffc CODE       _statsCmd           
   15c6e CODE       _strcmp             
   15c8e CODE       _strcpy             
   15cd2 CODE       _strlcpy            
   15f2c CODE       _strlen             
   15ca4 CODE       _strncmp            
   15d16 CODE       _strnlen            
   15d30 CODE       _strtol             
   15ddc CODE       _strtoul            
    f436 CODE       _sub_events         
    1c30 UDATA0     _sub_stack          
    3b8c UDATA0     _sub_task           
    f4c6 CODE       _sys_events         
    2400 UDATA0     _sys_stack          
    3b70 UDATA0     _sys_task           
    c5d2 ISR        _task_tick          
   14478 CODE       _terminal           
    2bd0 UDATA0     _terminal_stack     
    3ba8 UDATA0     _terminal_task      
    1c00 IDATA0     _tick               
    3c62 UDATA0     _ticker_time        
   14930 CODE       _timeCmd            
    f51e CODE       _timer_A1_setup     
   14f12 CODE       _timesliceCmd       
   14946 CODE       _txCmd              
    4866 UDATA0     _txbuf              
    cfb0 CONST      thread_init_begin   
    cfb4 CONST      thread_init_end     


SYMBOLS BY VALUE

      80            CTL_IRQ_STACK_SIZE  
     4c0            ___crt_mpy          
     4c8            ___crt_op2          
     4ca            ___crt_reslo        
     4d0            ___crt_mpy32l       
     4d2            ___crt_mpy32h       
     4e0            ___crt_op2l         
     4e2            ___crt_op2h         
     4e4            ___crt_res0         
     4e6            ___crt_res1         
     4e8            ___crt_res2         
     4ea            ___crt_res3         
    1c00 IDATA0     _tick               
    1c00            ___RAM_Address      
    1c00            ___begin_IDATA0     
    1c02 IDATA0     _ctl_timeslice_period
    1c06 IDATA0     _ctl_time_increment 
    1c08 IDATA0     _ctl_libc_mutex     
    1c12 IDATA0     _powerState         
    1c14 IDATA0     _cmd_parse_list     
    1c18 IDATA0     _async_addr         
    1c1a IDATA0     _async_timer        
    1c1c IDATA0     _closed_event       
    1c1e IDATA0     _closed_flag        
    1c24 IDATA0     ___ungot            
    1c26 IDATA0     ___RAL_global_locale
    1c30            ___begin_UDATA0     
    1c30            ___end_IDATA0       
    1c30 UDATA0     _sub_stack          
    2400 UDATA0     _sys_stack          
    2bd0 UDATA0     _terminal_stack     
    3b70 UDATA0     _sys_task           
    3b8c UDATA0     _sub_task           
    3ba8 UDATA0     _terminal_task      
    3bc4 UDATA0     _count              
    3bc8 UDATA0     _SYS_evt            
    3bca UDATA0     _ctl_task_switch_callout
    3bcc UDATA0     _ctl_last_schedule_time
    3bd0 UDATA0     _ctl_current_time   
    3bd4 UDATA0     _ctl_reschedule_on_last_isr_exit
    3bd5 UDATA0     _ctl_interrupt_count
    3bd6 UDATA0     _ctl_task_executing 
    3bd8 UDATA0     _ctl_task_list      
    3c5c UDATA0     _crc_mutex          
    3c62 UDATA0     _ticker_time        
    3c7a UDATA0     _helper_stack       
    3e6e UDATA0     _ARC_bus_helper_task
    3e8a UDATA0     _BUS_INT_events     
    3e8c UDATA0     _BUS_helper_events  
    3e8e UDATA0     _BUS_stack          
    408e UDATA0     _ARC_bus_task       
    40aa UDATA0     _idle_task          
    40c6 UDATA0     _SUB_events         
    40c8 UDATA0     _arcBus_stat        
    40ea UDATA0     _I2C_rx_out         
    40ec UDATA0     _I2C_rx_in          
    40ee UDATA0     _I2C_rx_buf         
    432e UDATA0     _DMA_events         
    4734 UDATA0     _buffer_mutex       
    473a UDATA0     _rxbuf              
    4866 UDATA0     _txbuf              
    4966 UDATA0     _async_rxQ          
    4974 UDATA0     _async_txQ          
    4982 UDATA0     _alarms             
    4992 UDATA0     _saved_error        
    49a2 UDATA0     _next_idx           
    4f3e UDATA0     _UCA2_RxBuf         
    4fe2 UDATA0     _UCA2_TxBuf         
    5088 UDATA0     _I2C_stat           
    5098 UDATA0     ___user_format_extender
    509a THREAD     _BUS_thread_addr_flags
    509a            ___end_UDATA0       
    509a            ___begin_THREAD     
    509e            ___end_THREAD       
    8000            ___RAM_Size         
    c000 ISR        ___thunk___putchar  
    c004 ISR        ___thunk_motor_cmd  
    c008 ISR        ___thunk_sub_events 
    c00c ISR        ___thunk_sys_events 
    c010 ISR        _Timer_A1_ISR       
    c08e ISR        _bus_I2C_isr        
    c4ca ISR        _bus_SPI_isr        
    c4d6 ISR        _bus_int            
    c58c ISR        _DMA_int            
    c5d2 ISR        _task_tick          
    c60c ISR        _bus_resend         
    c652 ISR        _SYS_NMI            
    c75c ISR        ___thunk_err_decode_arcbus
    c760 ISR        ___thunk_helpCmd    
    c764 ISR        ___thunk_terminal   
    c768 ISR        ___thunk_restCmd    
    c76c ISR        ___thunk_timeCmd    
    c770 ISR        ___thunk_txCmd      
    c774 ISR        ___thunk_spiCmd     
    c778 ISR        ___thunk_ARCsearch_Cmd
    c77c ISR        ___thunk_ARClib_version_Cmd
    c780 ISR        ___thunk_errReq_Cmd 
    c784 ISR        ___thunk_priorityCmd
    c788 ISR        ___thunk_timesliceCmd
    c78c ISR        ___thunk_statsCmd   
    c790 ISR        ___thunk_stackCmd   
    c794 ISR        ___thunk_replayCmd  
    c798 ISR        ___thunk_clearErrCmd
    c79c ISR        ___thunk_logCmd     
    c7a0 ISR        _UCA2_ISR           
    c7f6 ISR        _mmc_ISR            
    c802 ISR        _I2C_dat            
    c8f4 ISR        ___thunk___RAL_ascii_mbtowc
    c8f8 ISR        ___thunk___RAL_ascii_wctomb
    c92c CONST      _cmd_tbl            
    cf5d CONST      _ARClib_version     
    cf70 CONST      _ARClib_vstruct     
    cfb0 CONST      thread_init_begin   
    cfb4 CONST      thread_init_end     
    e360 CONST      _busAddrSym         
    f06a CONST      ___RAL_hex_uc       
    f07a CONST      ___RAL_hex_lc       
    f0a2 CONST      ___RAL_ascii_ctype_map
    f130 CONST      ___RAL_codeset_ascii
    f140 CONST      ___RAL_c_locale_day_names
    f17a CONST      ___RAL_c_locale_abbrev_day_names
    f197 CONST      ___RAL_c_locale_month_names
    f1ee CONST      ___RAL_c_locale_abbrev_month_names
    f21f CONST      ___RAL_c_locale_am_pm_indicator
    f226 CONST      ___RAL_c_locale_date_format
    f22f CONST      ___RAL_c_locale_time_format
    f238 CONST      ___RAL_c_locale_date_time_format
    f247 CONST      ___RAL_data_utf8_period
    f249 CONST      ___RAL_data_empty_string
    f24a CONST      ___RAL_c_locale_data
    f27c CONST      ___RAL_c_locale     
    f284 CONST      ___float32_nan      
    f288 CODE       ___putchar          
    f298 CODE       ___getchar          
    f29e CODE       _main               
    f392 CODE       _motor_cmd          
    f436 CODE       _sub_events         
    f4c6 CODE       _sys_events         
    f51e CODE       _timer_A1_setup     
    f52c CODE       _motor_setup        
    f534 CODE       _PosOne             
    f548 CODE       _PosTwo             
    f55c CODE       _PosThree           
    f570 CODE       _PosFour            
    f584 CODE       _PosOff             
    f5a0 CODE       ___vfprintf         
    f5a0 CODE       ___vfprintf_float_long_long
   108aa CODE       _ctl_private_add_to_task_list
   108f8 CODE       _ctl_private_remove_from_task_list
   10932 CODE       _ctl_private_reschedule
   10a0a CODE       _ctl_task_init      
   10a46 CODE       _ctl_task_run       
   10ad2 CODE       _ctl_task_die       
   10afa CODE       _ctl_task_set_priority
   10b38 CODE       _ctl_timeout_wait   
   10b7a CODE       _ctl_increment_tick_from_isr
   10bf4 CODE       _ctl_get_current_time
   10c0c CODE       ___printf_lock      
   10c28 CODE       ___printf_unlock    
   10c3c CODE       _ctl_events_init    
   10c50 CODE       _ctl_events_wait    
   10d4c CODE       _ctl_private_events_schedule
   10dd0 CODE       _ctl_events_set_clear
   10e30 CODE       _ctl_mutex_init     
   10e48 CODE       _ctl_mutex_lock_uc  
   10e5c CODE       _ctl_mutex_lock     
   10f60 CODE       _ctl_mutex_unlock   
   11026 CODE       _ctl_byte_queue_init
   1116e CODE       _ctl_byte_queue_post_multi
   11246 CODE       _ctl_byte_queue_receive_multi
   11314 CODE       _ctl_byte_queue_post_multi_nb
   11384 CODE       _ctl_byte_queue_receive_multi_nb
   113f4 CODE       _ctl_byte_queue_post
   11422 CODE       _ctl_byte_queue_receive
   11448 CODE       _ctl_byte_queue_post_nb
   11462 CODE       _ctl_byte_queue_receive_nb
   11476 CODE       _ctl_private_get_stack_start
   1147c CODE       _ctl_private_get_thread_local_storage
   11482 CODE       _ctl_private_init_registers
   114e4 CODE       _ctl_private_init_thread_local_storage
   114fa CODE       ___RAL_read_tp      
   11508 CODE       _ctl_private_reschedule_from_api_call
   11524 CODE       _ctl_enter_isr      
   11558 CODE       _ctl_exit_isr       
   11590 CODE       _ctl_global_interrupts_set
   115a8 CODE       _BUS_get_OA         
   11624 CODE       _BUS_flags_to_addr  
   1169a CODE       _BUS_addr_to_flags  
   116f0 CODE       _BUS_cmd_init       
   1170a CODE       _BUS_OA_check       
   11740 CODE       _addr_chk           
   1176c CODE       _BUS_I2C_release    
   11808 CODE       _BUS_cmd_tx         
   11aa0 CODE       _BUS_SPI_txrx       
   11d12 CODE       _crc7               
   11d44 CODE       _crc16              
   11d78 CODE       _get_ticker_time    
   11d90 CODE       _setget_ticker_time 
   11db8 CODE       _SPI_master_setup   
   11dd2 CODE       _SPI_slave_setup    
   11dec CODE       _SPI_deactivate     
   11dfc CODE       _initCLK            
   11e46 CODE       _init_timerA        
   11e5a CODE       _start_timerA       
   11e62 CODE       _initSVS            
   11eb8 CODE       _ARC_setup          
   11f4c CODE       _initARCbus         
   1204a CODE       _readTA1            
   12b34 CODE       _mainLoop           
   12b7e CODE       _BUS_init_buffer    
   12b88 CODE       _BUS_get_buffer_size
   12b8e CODE       _BUS_get_buffer     
   12bb6 CODE       _BUS_free_buffer    
   12bc0 CODE       _async_isOpen       
   12bc6 CODE       _async_open_remote  
   12c58 CODE       _async_close_remote 
   12c86 CODE       _async_send_data    
   12cec CODE       _BUS_free_alarm     
   12d04 CODE       _BUS_timer_timeout_check
   12d58 CODE       _BUS_alarm_ticker_update
   12e60 CODE       _PMM_setVCoreUp     
   12f5a CODE       _PMM_setVCoreDown   
   13014 CODE       _PMM_setVCore       
   13054 CODE       _ctl_handle_error   
   13066 CODE       _err_decode_arcbus  
   1374e CODE       _BUS_error_str      
   1381e CODE       _BUS_cmdtostr       
   139ca CODE       _BUS_cmd_resptostr  
   13a50 CODE       _bus_flags_tostr    
   13a70 CODE       _bus_version_err_tostr
   13af2 CODE       _reset_bor          
   13b24 CODE       _main_return        
   13b38 CODE       _startup_error_check
   13d80 CODE       _err_register_handler
   13e38 CODE       _error_init         
   13e5a CODE       _error_recording_start
   13ef6 CODE       _set_error_level    
   13f02 CODE       _get_error_level    
   13f08 CODE       __record_error      
   13fb2 CODE       _record_error       
   13ff6 CODE       _ERR_lev_str        
   14034 CODE       _err_do_decode      
   140bc CODE       _print_error        
   1410a CODE       _report_error       
   1414a CODE       _clear_saved_errors 
   1417c CODE       _error_log_mem_replay
   141fe CODE       _error_log_replay   
   142c0 CODE       _make_args          
   1432a CODE       _helpCmd            
   143dc CODE       _doCmd              
   14460 CODE       _hist_incr          
   1446c CODE       _hist_decr          
   14478 CODE       _terminal           
   14730 CODE       _I2C_addr_lookup    
   14778 CODE       _I2C_addr_revlookup 
   147b0 CODE       _getI2C_addr        
   1487a CODE       _restCmd            
   14930 CODE       _timeCmd            
   14946 CODE       _txCmd              
   14ac4 CODE       _spiCmd             
   14bd6 CODE       _ARCsearch_Cmd      
   14c8c CODE       _ARClib_version_Cmd 
   14c9e CODE       _errReq_Cmd         
   14e5e CODE       _priorityCmd        
   14f12 CODE       _timesliceCmd       
   14f7a CODE       _stateName          
   14ffc CODE       _statsCmd           
   1505e CODE       _stackCmd           
   150a8 CODE       _parse_log_level    
   15182 CODE       _replayCmd          
   1520e CODE       _clearErrCmd        
   15232 CODE       _logCmd             
   152b8 CODE       _SD_error_str       
   154c6 CODE       _UCA2_init_UART     
   155a2 CODE       _UCA2_TxChar        
   155de CODE       _UCA2_Getc          
   155fa CODE       _UCA2_CheckKey      
   15616 CODE       ___int32_mul        
   15638 CODE       ___int16_div        
   1565e CODE       ___int16_mod        
   15684 CODE       ___int16_mul        
   1569a CODE       ___int64_lsl        
   156ac CODE       ___int64_lsr        
   1570c CODE       ___uint64_mod       
   1572c CODE       ___uint16_div       
   15744 CODE       ___uint16_mod       
   1574c CODE       ___uint64_div       
   15774 CODE       ___uint64_divmod    
   157b0 CODE       ___digit            
   157f6 CODE       ___RAL_pow10        
   1584c CODE       ___strtoul          
   1596a CODE       ___putc             
   159b4 CODE       ___RAL_print_padding
   159d2 CODE       ___RAL_pre_padding  
   159fc CODE       _abs                
   15a0c CODE       _atoi               
   15a32 CODE       _atol               
   15a5c CODE       ___RAL_isctype      
   15a7a CODE       _isupper            
   15a8c CODE       _islower            
   15a9e CODE       _isdigit            
   15aae CODE       _isspace            
   15abe CODE       _iscntrl            
   15ad0 CODE       ___errno            
   15ada CODE       _getchar            
   15af8 CODE       ___RAL_global_locale_category
   15bc8 CODE       _printf             
   15c04 CODE       _puts               
   15c3e CODE       _sprintf            
   15c6e CODE       _strcmp             
   15c8e CODE       _strcpy             
   15ca4 CODE       _strncmp            
   15cd2 CODE       _strlcpy            
   15d16 CODE       _strnlen            
   15d30 CODE       _strtol             
   15ddc CODE       _strtoul            
   15e90 CODE       ___RAL_init_mbstate 
   15e9e CODE       ___RAL_ascii_mbtowc 
   15ee4 CODE       ___RAL_ascii_wctomb 
   15f0c CODE       _memcpy             
   15f1c CODE       _memset             
   15f2c CODE       _strlen             
   15f3c CODE       ___float32_isinf    
   15f56 CODE       ___float32_isnan    
   15f6e CODE       ___float32_signbit  
   15f7e CODE       ___uint64_to_float32
   160a2 CODE       ___float32_to_int64 
   16154 CODE       ___float32_add      
   16246 CODE       ___float32_sub      
   16252 CODE       ___float32_mul      
   1632a CODE       ___float32_div      
   163e8 CODE       ___float32_lt       
   16404 CODE       ___float32_eq       
   16414 CODE       ___uint16_to_float32
   1643e CODE       ___float32_to_int16 
   1647a CODE       _modff              
   16510 CODE       _floor              
   16510 CODE       _floorf             
   165e0 CODE       _fmodf              
   165e0 CODE       _fmod               
   16752 CODE       _fabsf              
   16758 CODE       _ldexp              
   16794 CODE       _frexp              
