
SYMBOLS BY NAME

      80            CTL_IRQ_STACK_SIZE  
    e15e CODE       _ACDSCmd            
    e16a CODE       _ACDS_err_decode    
    1c44 UDATA0     _ACDS_evt           
    1c00 IDATA0     _ACDS_parse         
    dff6 CODE       _ACDS_parseCmd      
    274a UDATA0     _ARC_bus_helper_task
    296a UDATA0     _ARC_bus_task       
   10ae2 CODE       _ARC_setup          
    c9e4 CONST      _ARClib_vstruct     
   10396 CODE       _BUS_I2C_release    
    2766 UDATA0     _BUS_INT_events     
   10334 CODE       _BUS_OA_check       
   106ca CODE       _BUS_SPI_txrx       
   102c4 CODE       _BUS_addr_to_flags  
   11a14 CODE       _BUS_alarm_ticker_update
   1031a CODE       _BUS_cmd_init       
   12686 CODE       _BUS_cmd_resptostr  
   10432 CODE       _BUS_cmd_tx         
   124da CODE       _BUS_cmdtostr       
   1240a CODE       _BUS_error_str      
   1024e CODE       _BUS_flags_to_addr  
   119a8 CODE       _BUS_free_alarm     
   11806 CODE       _BUS_free_buffer    
   101d2 CODE       _BUS_get_OA         
   117de CODE       _BUS_get_buffer     
   117d8 CODE       _BUS_get_buffer_size
    2768 UDATA0     _BUS_helper_events  
   117ce CODE       _BUS_init_buffer    
   10c84 CODE       _BUS_register_cmd_callback
    276a UDATA0     _BUS_stack          
    3966 THREAD     _BUS_thread_addr_flags
   119c0 CODE       _BUS_timer_timeout_check
    2c0a UDATA0     _DMA_events         
    c516 ISR        _DMA_int            
   12ca0 CODE       _ERR_lev_str        
    29ca UDATA0     _I2C_rx_buf         
    29c8 UDATA0     _I2C_rx_in          
    29c6 UDATA0     _I2C_rx_out         
   11cd0 CODE       _PMM_setVCore       
   11c16 CODE       _PMM_setVCoreDown   
   11b1c CODE       _PMM_setVCoreUp     
    1c34 UDATA0     _SD_read_addr       
   10a16 CODE       _SPI_deactivate     
   109e2 CODE       _SPI_master_setup   
   109fc CODE       _SPI_slave_setup    
    29a2 UDATA0     _SUB_events         
    c5dc ISR        _SYS_NMI            
    c6f2 ISR        _UCA1_ISR           
    381a UDATA0     _UCA1_RxBuf         
    38be UDATA0     _UCA1_TxBuf         
   133ca CODE       _UCA1_TxChar        
   132ee CODE       _UCA1_init_UART     
    de10 CONST      ___RAL_ascii_ctype_map
   13b88 CODE       ___RAL_ascii_mbtowc 
   13bce CODE       ___RAL_ascii_wctomb 
    dfea CONST      ___RAL_c_locale     
    dee8 CONST      ___RAL_c_locale_abbrev_day_names
    df5c CONST      ___RAL_c_locale_abbrev_month_names
    df8d CONST      ___RAL_c_locale_am_pm_indicator
    dfb8 CONST      ___RAL_c_locale_data
    df94 CONST      ___RAL_c_locale_date_format
    dfa6 CONST      ___RAL_c_locale_date_time_format
    deae CONST      ___RAL_c_locale_day_names
    df05 CONST      ___RAL_c_locale_month_names
    df9d CONST      ___RAL_c_locale_time_format
    de9e CONST      ___RAL_codeset_ascii
    dfb7 CONST      ___RAL_data_empty_string
    dfb5 CONST      ___RAL_data_utf8_period
    1c2a IDATA0     ___RAL_global_locale
   138fe CODE       ___RAL_global_locale_category
    dde7 CONST      ___RAL_hex_lc       
    ddd7 CONST      ___RAL_hex_uc       
   13b7a CODE       ___RAL_init_mbstate 
   13862 CODE       ___RAL_isctype      
   13626 CODE       ___RAL_pow10        
   13802 CODE       ___RAL_pre_padding  
   137e4 CODE       ___RAL_print_padding
   10124 CODE       ___RAL_read_tp      
    1c00            ___RAM_Address      
    8000            ___RAM_Size         
    1c00            ___begin_IDATA0     
    3966            ___begin_THREAD     
    1c34            ___begin_UDATA0     
     4c0            ___crt_mpy          
     4d2            ___crt_mpy32h       
     4d0            ___crt_mpy32l       
     4c8            ___crt_op2          
     4e2            ___crt_op2h         
     4e0            ___crt_op2l         
     4e4            ___crt_res0         
     4e6            ___crt_res1         
     4e8            ___crt_res2         
     4ea            ___crt_res3         
     4ca            ___crt_reslo        
   135e0 CODE       ___digit            
    1c34            ___end_IDATA0       
    396a            ___end_THREAD       
    3966            ___end_UDATA0       
   138d6 CODE       ___errno            
   13e3e CODE       ___float32_add      
   14014 CODE       ___float32_div      
   140ee CODE       ___float32_eq       
   13c26 CODE       ___float32_isinf    
   13c40 CODE       ___float32_isnan    
   140d2 CODE       ___float32_lt       
   13f3c CODE       ___float32_mul      
    dff2 CONST      ___float32_nan      
   13c58 CODE       ___float32_signbit  
   13f30 CODE       ___float32_sub      
   13d8c CODE       ___float32_to_int64 
    e1be CODE       ___getchar          
   13428 CODE       ___int16_div        
   1344e CODE       ___int16_mod        
   13474 CODE       ___int16_mul        
   13406 CODE       ___int32_mul        
   1348a CODE       ___int64_lsl        
   1349c CODE       ___int64_lsr        
    f602 CODE       ___printf_lock      
    f61e CODE       ___printf_unlock    
   1379a CODE       ___putc             
    e1a4 CODE       ___putchar          
   1367c CODE       ___strtoul          
    c004 ISR        ___thunk_ACDSCmd    
    c008 ISR        ___thunk_ACDS_err_decode
    c000 ISR        ___thunk_ACDS_parseCmd
    c760 ISR        ___thunk___RAL_ascii_mbtowc
    c764 ISR        ___thunk___RAL_ascii_wctomb
    c00c ISR        ___thunk___putchar  
    c6e6 ISR        ___thunk_err_decode_arcbus
    c6ea ISR        ___thunk_helpCmd    
    c6ee ISR        ___thunk_terminal   
   1351c CODE       ___uint16_div       
   13534 CODE       ___uint16_mod       
   1353c CODE       ___uint32_div       
   13546 CODE       ___uint32_divmod    
   1356e CODE       ___uint32_mod       
   1357c CODE       ___uint64_div       
   135a4 CODE       ___uint64_divmod    
   134fc CODE       ___uint64_mod       
   13c68 CODE       ___uint64_to_float32
    1c28 IDATA0     ___ungot            
    3964 UDATA0     ___user_format_extender
    e29a CODE       ___vfprintf         
    e29a CODE       ___vfprintf_float_long
   12bb2 CODE       __record_error      
   1382c CODE       _abs                
   1036a CODE       _addr_chk           
    325e UDATA0     _alarms             
    29a4 UDATA0     _arcBus_stat        
   11980 CODE       _async_Getc         
   1193c CODE       _async_TxChar       
    1c1c IDATA0     _async_addr         
   118a8 CODE       _async_close_remote 
   11810 CODE       _async_isOpen       
   11816 CODE       _async_open_remote  
    3242 UDATA0     _async_rxQ          
   118d6 CODE       _async_send_data    
    1c1e IDATA0     _async_timer        
    3250 UDATA0     _async_txQ          
   1383c CODE       _atoi               
    3010 UDATA0     _buffer_mutex       
    c018 ISR        _bus_I2C_isr        
    c454 ISR        _bus_SPI_isr        
   1270c CODE       _bus_flags_tostr    
    c460 ISR        _bus_int            
    c596 ISR        _bus_resend         
   1272c CODE       _bus_version_err_tostr
    1c20 IDATA0     _closed_event       
    1c22 IDATA0     _closed_flag        
    1c18 IDATA0     _cmd_parse_list     
    c768 CONST      _cmd_tbl            
   1096e CODE       _crc16              
   1093c CODE       _crc7               
    2538 UDATA0     _crc_mutex          
    fa1c CODE       _ctl_byte_queue_init
    fa46 CODE       _ctl_byte_queue_num_used
   1001e CODE       _ctl_byte_queue_post
    fb7a CODE       _ctl_byte_queue_post_multi
    fd20 CODE       _ctl_byte_queue_post_multi_nb
   10072 CODE       _ctl_byte_queue_post_nb
   1004c CODE       _ctl_byte_queue_receive
    fc52 CODE       _ctl_byte_queue_receive_multi
    fd90 CODE       _ctl_byte_queue_receive_multi_nb
   1008c CODE       _ctl_byte_queue_receive_nb
    24ac UDATA0     _ctl_current_time   
   1014e CODE       _ctl_enter_isr      
    f632 CODE       _ctl_events_init    
    f7c6 CODE       _ctl_events_set_clear
    f646 CODE       _ctl_events_wait    
   10182 CODE       _ctl_exit_isr       
    f5ea CODE       _ctl_get_current_time
   101ba CODE       _ctl_global_interrupts_set
   11d10 CODE       _ctl_handle_error   
    f570 CODE       _ctl_increment_tick_from_isr
    24b1 UDATA0     _ctl_interrupt_count
    24a8 UDATA0     _ctl_last_schedule_time
    1c0c IDATA0     _ctl_libc_mutex     
    f826 CODE       _ctl_mutex_init     
    f852 CODE       _ctl_mutex_lock     
    f83e CODE       _ctl_mutex_lock_uc  
    f956 CODE       _ctl_mutex_unlock   
    f2a0 CODE       _ctl_private_add_to_task_list
    f742 CODE       _ctl_private_events_schedule
   100a0 CODE       _ctl_private_get_stack_start
   100a6 CODE       _ctl_private_get_thread_local_storage
   100ac CODE       _ctl_private_init_registers
   1010e CODE       _ctl_private_init_thread_local_storage
    f2ee CODE       _ctl_private_remove_from_task_list
    f328 CODE       _ctl_private_reschedule
   10132 CODE       _ctl_private_reschedule_from_api_call
    24b0 UDATA0     _ctl_reschedule_on_last_isr_exit
    f4c8 CODE       _ctl_task_die       
    24b2 UDATA0     _ctl_task_executing 
    f400 CODE       _ctl_task_init      
    24b4 UDATA0     _ctl_task_list      
    f43c CODE       _ctl_task_run       
    f4f0 CODE       _ctl_task_set_priority
    24a6 UDATA0     _ctl_task_switch_callout
    1c0a IDATA0     _ctl_time_increment 
    f52e CODE       _ctl_timeout_wait   
    1c06 IDATA0     _ctl_timeslice_period
   12f92 CODE       _doCmd              
   11d22 CODE       _err_decode_arcbus  
   12cde CODE       _err_do_decode      
   12a3c CODE       _err_register_handler
   12af4 CODE       _error_init         
   12df4 CODE       _error_log_mem_replay
   12b16 CODE       _error_recording_start
   143d6 CODE       _fabsf              
   14194 CODE       _floor              
   14194 CODE       _floorf             
   14264 CODE       _fmod               
   14264 CODE       _fmodf              
   14418 CODE       _frexp              
   109a2 CODE       _get_ticker_time    
   138e0 CODE       _getchar            
   12ee0 CODE       _helpCmd            
    2556 UDATA0     _helper_stack       
   13022 CODE       _hist_decr          
   13016 CODE       _hist_incr          
    2986 UDATA0     _idle_task          
   10b76 CODE       _initARCbus         
   10a26 CODE       _initCLK            
   10a8c CODE       _initSVS            
   10a70 CODE       _init_timerA        
   138c4 CODE       _iscntrl            
   138a4 CODE       _isdigit            
   13892 CODE       _islower            
   138b4 CODE       _isspace            
   13880 CODE       _isupper            
   143dc CODE       _ldexp              
    e1c4 CODE       _main               
   11784 CODE       _mainLoop           
   127e0 CODE       _main_return        
   12e76 CODE       _make_args          
   13bf6 CODE       _memcpy             
   13c06 CODE       _memset             
   140fe CODE       _modff              
    327e UDATA0     _next_idx           
    1c16 IDATA0     _powerState         
   12d66 CODE       _print_error        
   139ce CODE       _printf             
   10c74 CODE       _readTA1            
   12c5c CODE       _record_error       
   12db4 CODE       _report_error       
   127ae CODE       _reset_bor          
    3016 UDATA0     _rxbuf              
    326e UDATA0     _saved_error        
   109ba CODE       _setget_ticker_time 
    1c38 UDATA0     _spi_action         
   13a0a CODE       _sprintf            
    224e UDATA0     _stack1             
    1e4a UDATA0     _stack2             
    1c46 UDATA0     _stack3             
   10a84 CODE       _start_timerA       
   127f4 CODE       _startup_error_check
   13a3a CODE       _strcmp             
   13a5a CODE       _strcpy             
   13a70 CODE       _strlcpy            
   13c16 CODE       _strlen             
   13ab4 CODE       _strnlen            
   13ace CODE       _strtol             
    c55c ISR        _task_tick          
    2452 UDATA0     _tasks              
   1302e CODE       _terminal           
    253e UDATA0     _ticker_time        
    3142 UDATA0     _txbuf              
    ca28 CONST      thread_init_begin   
    ca2c CONST      thread_init_end     


SYMBOLS BY VALUE

      80            CTL_IRQ_STACK_SIZE  
     4c0            ___crt_mpy          
     4c8            ___crt_op2          
     4ca            ___crt_reslo        
     4d0            ___crt_mpy32l       
     4d2            ___crt_mpy32h       
     4e0            ___crt_op2l         
     4e2            ___crt_op2h         
     4e4            ___crt_res0         
     4e6            ___crt_res1         
     4e8            ___crt_res2         
     4ea            ___crt_res3         
    1c00 IDATA0     _ACDS_parse         
    1c00            ___begin_IDATA0     
    1c00            ___RAM_Address      
    1c06 IDATA0     _ctl_timeslice_period
    1c0a IDATA0     _ctl_time_increment 
    1c0c IDATA0     _ctl_libc_mutex     
    1c16 IDATA0     _powerState         
    1c18 IDATA0     _cmd_parse_list     
    1c1c IDATA0     _async_addr         
    1c1e IDATA0     _async_timer        
    1c20 IDATA0     _closed_event       
    1c22 IDATA0     _closed_flag        
    1c28 IDATA0     ___ungot            
    1c2a IDATA0     ___RAL_global_locale
    1c34 UDATA0     _SD_read_addr       
    1c34            ___begin_UDATA0     
    1c34            ___end_IDATA0       
    1c38 UDATA0     _spi_action         
    1c44 UDATA0     _ACDS_evt           
    1c46 UDATA0     _stack3             
    1e4a UDATA0     _stack2             
    224e UDATA0     _stack1             
    2452 UDATA0     _tasks              
    24a6 UDATA0     _ctl_task_switch_callout
    24a8 UDATA0     _ctl_last_schedule_time
    24ac UDATA0     _ctl_current_time   
    24b0 UDATA0     _ctl_reschedule_on_last_isr_exit
    24b1 UDATA0     _ctl_interrupt_count
    24b2 UDATA0     _ctl_task_executing 
    24b4 UDATA0     _ctl_task_list      
    2538 UDATA0     _crc_mutex          
    253e UDATA0     _ticker_time        
    2556 UDATA0     _helper_stack       
    274a UDATA0     _ARC_bus_helper_task
    2766 UDATA0     _BUS_INT_events     
    2768 UDATA0     _BUS_helper_events  
    276a UDATA0     _BUS_stack          
    296a UDATA0     _ARC_bus_task       
    2986 UDATA0     _idle_task          
    29a2 UDATA0     _SUB_events         
    29a4 UDATA0     _arcBus_stat        
    29c6 UDATA0     _I2C_rx_out         
    29c8 UDATA0     _I2C_rx_in          
    29ca UDATA0     _I2C_rx_buf         
    2c0a UDATA0     _DMA_events         
    3010 UDATA0     _buffer_mutex       
    3016 UDATA0     _rxbuf              
    3142 UDATA0     _txbuf              
    3242 UDATA0     _async_rxQ          
    3250 UDATA0     _async_txQ          
    325e UDATA0     _alarms             
    326e UDATA0     _saved_error        
    327e UDATA0     _next_idx           
    381a UDATA0     _UCA1_RxBuf         
    38be UDATA0     _UCA1_TxBuf         
    3964 UDATA0     ___user_format_extender
    3966 THREAD     _BUS_thread_addr_flags
    3966            ___begin_THREAD     
    3966            ___end_UDATA0       
    396a            ___end_THREAD       
    8000            ___RAM_Size         
    c000 ISR        ___thunk_ACDS_parseCmd
    c004 ISR        ___thunk_ACDSCmd    
    c008 ISR        ___thunk_ACDS_err_decode
    c00c ISR        ___thunk___putchar  
    c018 ISR        _bus_I2C_isr        
    c454 ISR        _bus_SPI_isr        
    c460 ISR        _bus_int            
    c516 ISR        _DMA_int            
    c55c ISR        _task_tick          
    c596 ISR        _bus_resend         
    c5dc ISR        _SYS_NMI            
    c6e6 ISR        ___thunk_err_decode_arcbus
    c6ea ISR        ___thunk_helpCmd    
    c6ee ISR        ___thunk_terminal   
    c6f2 ISR        _UCA1_ISR           
    c760 ISR        ___thunk___RAL_ascii_mbtowc
    c764 ISR        ___thunk___RAL_ascii_wctomb
    c768 CONST      _cmd_tbl            
    c9e4 CONST      _ARClib_vstruct     
    ca28 CONST      thread_init_begin   
    ca2c CONST      thread_init_end     
    ddd7 CONST      ___RAL_hex_uc       
    dde7 CONST      ___RAL_hex_lc       
    de10 CONST      ___RAL_ascii_ctype_map
    de9e CONST      ___RAL_codeset_ascii
    deae CONST      ___RAL_c_locale_day_names
    dee8 CONST      ___RAL_c_locale_abbrev_day_names
    df05 CONST      ___RAL_c_locale_month_names
    df5c CONST      ___RAL_c_locale_abbrev_month_names
    df8d CONST      ___RAL_c_locale_am_pm_indicator
    df94 CONST      ___RAL_c_locale_date_format
    df9d CONST      ___RAL_c_locale_time_format
    dfa6 CONST      ___RAL_c_locale_date_time_format
    dfb5 CONST      ___RAL_data_utf8_period
    dfb7 CONST      ___RAL_data_empty_string
    dfb8 CONST      ___RAL_c_locale_data
    dfea CONST      ___RAL_c_locale     
    dff2 CONST      ___float32_nan      
    dff6 CODE       _ACDS_parseCmd      
    e15e CODE       _ACDSCmd            
    e16a CODE       _ACDS_err_decode    
    e1a4 CODE       ___putchar          
    e1be CODE       ___getchar          
    e1c4 CODE       _main               
    e29a CODE       ___vfprintf         
    e29a CODE       ___vfprintf_float_long
    f2a0 CODE       _ctl_private_add_to_task_list
    f2ee CODE       _ctl_private_remove_from_task_list
    f328 CODE       _ctl_private_reschedule
    f400 CODE       _ctl_task_init      
    f43c CODE       _ctl_task_run       
    f4c8 CODE       _ctl_task_die       
    f4f0 CODE       _ctl_task_set_priority
    f52e CODE       _ctl_timeout_wait   
    f570 CODE       _ctl_increment_tick_from_isr
    f5ea CODE       _ctl_get_current_time
    f602 CODE       ___printf_lock      
    f61e CODE       ___printf_unlock    
    f632 CODE       _ctl_events_init    
    f646 CODE       _ctl_events_wait    
    f742 CODE       _ctl_private_events_schedule
    f7c6 CODE       _ctl_events_set_clear
    f826 CODE       _ctl_mutex_init     
    f83e CODE       _ctl_mutex_lock_uc  
    f852 CODE       _ctl_mutex_lock     
    f956 CODE       _ctl_mutex_unlock   
    fa1c CODE       _ctl_byte_queue_init
    fa46 CODE       _ctl_byte_queue_num_used
    fb7a CODE       _ctl_byte_queue_post_multi
    fc52 CODE       _ctl_byte_queue_receive_multi
    fd20 CODE       _ctl_byte_queue_post_multi_nb
    fd90 CODE       _ctl_byte_queue_receive_multi_nb
   1001e CODE       _ctl_byte_queue_post
   1004c CODE       _ctl_byte_queue_receive
   10072 CODE       _ctl_byte_queue_post_nb
   1008c CODE       _ctl_byte_queue_receive_nb
   100a0 CODE       _ctl_private_get_stack_start
   100a6 CODE       _ctl_private_get_thread_local_storage
   100ac CODE       _ctl_private_init_registers
   1010e CODE       _ctl_private_init_thread_local_storage
   10124 CODE       ___RAL_read_tp      
   10132 CODE       _ctl_private_reschedule_from_api_call
   1014e CODE       _ctl_enter_isr      
   10182 CODE       _ctl_exit_isr       
   101ba CODE       _ctl_global_interrupts_set
   101d2 CODE       _BUS_get_OA         
   1024e CODE       _BUS_flags_to_addr  
   102c4 CODE       _BUS_addr_to_flags  
   1031a CODE       _BUS_cmd_init       
   10334 CODE       _BUS_OA_check       
   1036a CODE       _addr_chk           
   10396 CODE       _BUS_I2C_release    
   10432 CODE       _BUS_cmd_tx         
   106ca CODE       _BUS_SPI_txrx       
   1093c CODE       _crc7               
   1096e CODE       _crc16              
   109a2 CODE       _get_ticker_time    
   109ba CODE       _setget_ticker_time 
   109e2 CODE       _SPI_master_setup   
   109fc CODE       _SPI_slave_setup    
   10a16 CODE       _SPI_deactivate     
   10a26 CODE       _initCLK            
   10a70 CODE       _init_timerA        
   10a84 CODE       _start_timerA       
   10a8c CODE       _initSVS            
   10ae2 CODE       _ARC_setup          
   10b76 CODE       _initARCbus         
   10c74 CODE       _readTA1            
   10c84 CODE       _BUS_register_cmd_callback
   11784 CODE       _mainLoop           
   117ce CODE       _BUS_init_buffer    
   117d8 CODE       _BUS_get_buffer_size
   117de CODE       _BUS_get_buffer     
   11806 CODE       _BUS_free_buffer    
   11810 CODE       _async_isOpen       
   11816 CODE       _async_open_remote  
   118a8 CODE       _async_close_remote 
   118d6 CODE       _async_send_data    
   1193c CODE       _async_TxChar       
   11980 CODE       _async_Getc         
   119a8 CODE       _BUS_free_alarm     
   119c0 CODE       _BUS_timer_timeout_check
   11a14 CODE       _BUS_alarm_ticker_update
   11b1c CODE       _PMM_setVCoreUp     
   11c16 CODE       _PMM_setVCoreDown   
   11cd0 CODE       _PMM_setVCore       
   11d10 CODE       _ctl_handle_error   
   11d22 CODE       _err_decode_arcbus  
   1240a CODE       _BUS_error_str      
   124da CODE       _BUS_cmdtostr       
   12686 CODE       _BUS_cmd_resptostr  
   1270c CODE       _bus_flags_tostr    
   1272c CODE       _bus_version_err_tostr
   127ae CODE       _reset_bor          
   127e0 CODE       _main_return        
   127f4 CODE       _startup_error_check
   12a3c CODE       _err_register_handler
   12af4 CODE       _error_init         
   12b16 CODE       _error_recording_start
   12bb2 CODE       __record_error      
   12c5c CODE       _record_error       
   12ca0 CODE       _ERR_lev_str        
   12cde CODE       _err_do_decode      
   12d66 CODE       _print_error        
   12db4 CODE       _report_error       
   12df4 CODE       _error_log_mem_replay
   12e76 CODE       _make_args          
   12ee0 CODE       _helpCmd            
   12f92 CODE       _doCmd              
   13016 CODE       _hist_incr          
   13022 CODE       _hist_decr          
   1302e CODE       _terminal           
   132ee CODE       _UCA1_init_UART     
   133ca CODE       _UCA1_TxChar        
   13406 CODE       ___int32_mul        
   13428 CODE       ___int16_div        
   1344e CODE       ___int16_mod        
   13474 CODE       ___int16_mul        
   1348a CODE       ___int64_lsl        
   1349c CODE       ___int64_lsr        
   134fc CODE       ___uint64_mod       
   1351c CODE       ___uint16_div       
   13534 CODE       ___uint16_mod       
   1353c CODE       ___uint32_div       
   13546 CODE       ___uint32_divmod    
   1356e CODE       ___uint32_mod       
   1357c CODE       ___uint64_div       
   135a4 CODE       ___uint64_divmod    
   135e0 CODE       ___digit            
   13626 CODE       ___RAL_pow10        
   1367c CODE       ___strtoul          
   1379a CODE       ___putc             
   137e4 CODE       ___RAL_print_padding
   13802 CODE       ___RAL_pre_padding  
   1382c CODE       _abs                
   1383c CODE       _atoi               
   13862 CODE       ___RAL_isctype      
   13880 CODE       _isupper            
   13892 CODE       _islower            
   138a4 CODE       _isdigit            
   138b4 CODE       _isspace            
   138c4 CODE       _iscntrl            
   138d6 CODE       ___errno            
   138e0 CODE       _getchar            
   138fe CODE       ___RAL_global_locale_category
   139ce CODE       _printf             
   13a0a CODE       _sprintf            
   13a3a CODE       _strcmp             
   13a5a CODE       _strcpy             
   13a70 CODE       _strlcpy            
   13ab4 CODE       _strnlen            
   13ace CODE       _strtol             
   13b7a CODE       ___RAL_init_mbstate 
   13b88 CODE       ___RAL_ascii_mbtowc 
   13bce CODE       ___RAL_ascii_wctomb 
   13bf6 CODE       _memcpy             
   13c06 CODE       _memset             
   13c16 CODE       _strlen             
   13c26 CODE       ___float32_isinf    
   13c40 CODE       ___float32_isnan    
   13c58 CODE       ___float32_signbit  
   13c68 CODE       ___uint64_to_float32
   13d8c CODE       ___float32_to_int64 
   13e3e CODE       ___float32_add      
   13f30 CODE       ___float32_sub      
   13f3c CODE       ___float32_mul      
   14014 CODE       ___float32_div      
   140d2 CODE       ___float32_lt       
   140ee CODE       ___float32_eq       
   140fe CODE       _modff              
   14194 CODE       _floor              
   14194 CODE       _floorf             
   14264 CODE       _fmod               
   14264 CODE       _fmodf              
   143d6 CODE       _fabsf              
   143dc CODE       _ldexp              
   14418 CODE       _frexp              
